\BOOKMARK [1][-]{section.1}{\376\377\000I\000n\000t\000r\000o\000d\000u\000c\000t\000i\000o\000n}{}% 1
\BOOKMARK [1][-]{section.2}{\376\377\000T\000h\000e\000\040\000F\000u\000n\000d\000a\000m\000e\000n\000t\000a\000l\000\040\000T\000h\000e\000o\000r\000e\000m}{}% 2
\BOOKMARK [1][-]{section.7}{\376\377\000C\000o\000m\000p\000u\000t\000i\000n\000g\000\040\000I\000n\000t\000e\000g\000r\000a\000l\000s\000\040\000w\000i\000t\000h\000\040\000S\000a\000g\000e\000\040\000\050\000\051}{}% 3
\BOOKMARK [1][-]{section.76}{\376\377\000A\000n\000\040\000I\000n\000t\000e\000r\000e\000s\000t\000i\000n\000g\000\040\000C\000o\000r\000o\000l\000l\000a\000r\000y}{}% 4
\BOOKMARK [2][-]{subsection.81}{\376\377\000S\000e\000c\000o\000n\000d\000\040\000V\000e\000r\000s\000i\000o\000n\000\040\000o\000f\000\040\000F\000T\000C}{section.76}% 5
\BOOKMARK [2][-]{subsection.120}{\376\377\000A\000\040\000P\000e\000d\000a\000g\000o\000g\000i\000c\000a\000l\000\040\000N\000o\000t\000e\000\040\000a\000b\000o\000u\000t\000\040\000S\000u\000b\000s\000e\000c\000t\000i\000o\000n\000\040\0004\000.\0001}{section.76}% 6
\BOOKMARK [3][-]{subsubsection.121}{\376\377\000S\000y\000m\000b\000o\000l\000i\000c\000\040\000a\000n\000d\000\040\000N\000u\000m\000e\000r\000i\000c\000a\000l\000\040\000I\000n\000t\000e\000g\000r\000a\000l\000s}{subsection.120}% 7
\BOOKMARK [3][-]{subsubsection.124}{\376\377\000A\000d\000v\000i\000c\000e}{subsection.120}% 8
\BOOKMARK [3][-]{subsubsection.184}{\376\377\000E\000x\000e\000r\000c\000i\000s\000e\000s}{subsection.120}% 9
\BOOKMARK [3][-]{subsubsection.189}{\376\377\000R\000e\000a\000d\000i\000n\000g\000\040\000Q\000u\000e\000s\000t\000i\000o\000n\000s}{subsection.120}% 10
\BOOKMARK [3][-]{subsubsection.190}{\376\377\000G\000l\000o\000s\000s\000a\000r\000y}{subsection.120}% 11
\BOOKMARK [3][-]{subsubsection.193}{\376\377\000S\000o\000l\000u\000t\000i\000o\000n\000s\000\040\000f\000o\000r\000\040\000T\000h\000i\000s\000\040\000S\000u\000b\000s\000e\000c\000t\000i\000o\000n}{subsection.120}% 12
\BOOKMARK [2][-]{subsection.196}{\376\377\000T\000h\000e\000o\000r\000e\000m\000-\000L\000i\000k\000e\000\040\000E\000n\000v\000i\000r\000o\000n\000m\000e\000n\000t\000s}{section.76}% 13
\BOOKMARK [2][-]{subsection.199}{\376\377\000L\000i\000n\000k\000i\000n\000g\000\040\000S\000a\000g\000e\000\040\000C\000e\000l\000l\000s}{section.76}% 14
\BOOKMARK [2][-]{subsection.210}{\376\377\000H\000i\000e\000r\000a\000r\000c\000h\000y}{section.76}% 15
\BOOKMARK [2][-]{subsection.214}{\376\377\000I\000n\000t\000r\000o\000d\000u\000c\000t\000i\000o\000n\000s\000\040\000a\000n\000d\000\040\000C\000o\000n\000c\000l\000u\000s\000i\000o\000n\000s}{section.76}% 16
\BOOKMARK [3][-]{subsubsection.215}{\376\377\000T\000e\000s\000t\000\040\000O\000n\000e}{subsection.214}% 17
\BOOKMARK [3][-]{subsubsection.216}{\376\377\000T\000e\000s\000t\000\040\000T\000w\000o}{subsection.214}% 18
\BOOKMARK [3][-]{subsubsection.219}{\376\377\000T\000e\000s\000t\000\040\000T\000h\000r\000e\000e}{subsection.214}% 19
\BOOKMARK [2][-]{subsection.220}{\376\377\000S\000o\000m\000e\000\040\000P\000a\000r\000a\000g\000r\000a\000p\000h\000-\000L\000e\000v\000e\000l\000\040\000M\000a\000r\000k\000u\000p}{section.76}% 20
\BOOKMARK [1][-]{section.225}{\376\377\000S\000o\000m\000e\000\040\000F\000a\000c\000t\000s\000\040\000a\000n\000d\000\040\000F\000i\000g\000u\000r\000e\000s}{}% 21
\BOOKMARK [1][-]{section.248}{\376\377\000S\000o\000m\000e\000\040\000A\000d\000v\000a\000n\000c\000e\000d\000\040\000I\000d\000e\000a\000s}{}% 22
\BOOKMARK [1][-]{section.263}{\376\377\000M\000a\000t\000h\000e\000m\000a\000t\000i\000c\000s}{}% 23
\BOOKMARK [2][-]{subsection.264}{\376\377\000B\000a\000s\000i\000c\000\040\000M\000a\000t\000h\000e\000m\000a\000t\000i\000c\000s}{section.263}% 24
\BOOKMARK [2][-]{subsection.267}{\376\377\000D\000i\000s\000p\000l\000a\000y\000e\000d\000\040\000M\000a\000t\000h\000e\000m\000a\000t\000i\000c\000s}{section.263}% 25
\BOOKMARK [2][-]{subsection.368}{\376\377\000L\000a\000T\000e\000X\000\040\000P\000a\000c\000k\000a\000g\000e\000s\000\040\000a\000n\000d\000\040\000M\000a\000t\000h\000J\000a\000x\000\040\000E\000x\000t\000e\000n\000s\000i\000o\000n\000s}{section.263}% 26
\BOOKMARK [2][-]{subsection.369}{\376\377\000A\000d\000v\000a\000n\000c\000e\000d\000\040\000M\000a\000t\000h\000e\000m\000a\000t\000i\000c\000s}{section.263}% 27
\BOOKMARK [2][-]{subsection.370}{\376\377\000L\000o\000c\000a\000l\000\040\000T\000a\000g\000s\000\040\000o\000n\000\040\000E\000q\000u\000a\000t\000i\000o\000n\000s}{section.263}% 28
\BOOKMARK [2][-]{subsection.382}{\376\377\000C\000o\000m\000m\000u\000t\000a\000t\000i\000v\000e\000\040\000D\000i\000a\000g\000r\000a\000m\000s}{section.263}% 29
\BOOKMARK [2][-]{subsection.383}{\376\377\000L\000i\000n\000e\000-\000B\000r\000e\000a\000k\000i\000n\000g\000\040\000a\000f\000t\000e\000r\000\040\000M\000a\000t\000h\000e\000m\000a\000t\000i\000c\000s}{section.263}% 30
\BOOKMARK [2][-]{subsection.384}{\376\377\000F\000o\000n\000t\000s\000\040\000a\000n\000d\000\040\000M\000a\000t\000h\000e\000m\000a\000t\000i\000c\000s}{section.263}% 31
\BOOKMARK [2][-]{subsection.390}{\376\377\000M\000i\000s\000c\000e\000l\000l\000a\000n\000e\000o\000u\000s}{section.263}% 32
\BOOKMARK [1][-]{section.391}{\376\377\000G\000r\000o\000u\000p\000i\000n\000g\000\040\000S\000a\000m\000p\000l\000e\000s}{}% 33
\BOOKMARK [2][-]{subsection.394}{\376\377\000R\000e\000m\000a\000r\000k\000-\000l\000i\000k\000e\000\040\000B\000l\000o\000c\000k\000s}{section.391}% 34
\BOOKMARK [2][-]{subsection.407}{\376\377\000E\000x\000a\000m\000p\000l\000e\000-\000l\000i\000k\000e\000\040\000B\000l\000o\000c\000k\000s}{section.391}% 35
\BOOKMARK [2][-]{subsection.423}{\376\377\000T\000h\000e\000o\000r\000e\000m\000-\000l\000i\000k\000e\000\040\000B\000l\000o\000c\000k\000s}{section.391}% 36
\BOOKMARK [2][-]{subsection.442}{\376\377\000A\000x\000i\000o\000m\000-\000l\000i\000k\000e\000\040\000B\000l\000o\000c\000k\000s}{section.391}% 37
\BOOKMARK [2][-]{subsection.455}{\376\377\000D\000e\000f\000i\000n\000i\000t\000i\000o\000n\000-\000l\000i\000k\000e\000\040\000B\000l\000o\000c\000k\000s}{section.391}% 38
\BOOKMARK [2][-]{subsection.458}{\376\377\000A\000s\000i\000d\000e\000-\000l\000i\000k\000e\000\040\000B\000l\000o\000c\000k\000s}{section.391}% 39
\BOOKMARK [2][-]{subsection.463}{\376\377\000C\000o\000m\000p\000u\000t\000a\000t\000i\000o\000n\000-\000l\000i\000k\000e\000\040\000B\000l\000o\000c\000k\000s}{section.391}% 40
\BOOKMARK [2][-]{subsection.470}{\376\377\000P\000r\000o\000j\000e\000c\000t\000-\000l\000i\000k\000e\000\040\000B\000l\000o\000c\000k\000s}{section.391}% 41
\BOOKMARK [1][-]{section.481}{\376\377\000T\000e\000x\000t\000\040\000i\000n\000\040\000P\000a\000r\000a\000g\000r\000a\000p\000h\000s}{}% 42
\BOOKMARK [2][-]{subsection.482}{\376\377\000S\000p\000e\000c\000i\000a\000l\000\040\000X\000M\000L\000\040\000c\000h\000a\000r\000a\000c\000t\000e\000r\000s}{section.481}% 43
\BOOKMARK [2][-]{subsection.485}{\376\377\000Q\000u\000o\000t\000a\000t\000i\000o\000n\000s}{section.481}% 44
\BOOKMARK [2][-]{subsection.486}{\376\377\000G\000r\000o\000u\000p\000i\000n\000g\000s}{section.481}% 45
\BOOKMARK [2][-]{subsection.487}{\376\377\000C\000h\000a\000r\000a\000c\000t\000e\000r\000s\000,\000\040\000S\000y\000m\000b\000o\000l\000s\000,\000\040\000a\000n\000d\000\040\000C\000o\000n\000s\000t\000r\000u\000c\000t\000i\000o\000n\000s}{section.481}% 46
\BOOKMARK [2][-]{subsection.488}{\376\377\000C\000u\000r\000r\000e\000n\000c\000y}{section.481}% 47
\BOOKMARK [2][-]{subsection.491}{\376\377\000I\000c\000o\000n\000s\000\040\000i\000n\000\040\000T\000e\000x\000t}{section.481}% 48
\BOOKMARK [2][-]{subsection.498}{\376\377\000K\000e\000y\000b\000o\000a\000r\000d\000\040\000K\000e\000y\000s}{section.481}% 49
\BOOKMARK [2][-]{subsection.505}{\376\377\000U\000R\000L\000s\000,\000\040\000s\000u\000c\000h\000\040\000a\000s\000\040\000h\000t\000t\000p\000:\000/\000/\000e\000x\000a\000m\000p\000l\000e\000.\000c\000o\000m}{section.481}% 50
\BOOKMARK [2][-]{subsection.506}{\376\377\000B\000i\000o\000l\000o\000g\000i\000c\000a\000l\000\040\000N\000a\000m\000e\000s}{section.481}% 51
\BOOKMARK [2][-]{subsection.507}{\376\377\00