This is XeTeX, Version 3.141592653-2.6-0.999996 (TeX Live 2024) (preloaded format=xelatex 2024.10.4)  14 AUG 2025 14:38
entering extended mode
 restricted \write18 enabled.
 %&-line parsing enabled.
**sample-article.tex
(./sample-article.tex
LaTeX2e <2024-06-01> patch level 2
L3 programming layer <2024-09-10>
(/usr/local/texlive/2024/texmf-dist/tex/latex/snapshot/snapshot.sty
Package: snapshot 2020/06/17 v2.14
)
(/usr/local/texlive/2024/texmf-dist/tex/latex/base/article.cls
Document Class: article 2024/02/08 v1.4n Standard LaTeX document class
(/usr/local/texlive/2024/texmf-dist/tex/latex/base/size10.clo
File: size10.clo 2024/02/08 v1.4n Standard LaTeX file (size option)
)
\c@part=\count190
\c@section=\count191
\c@subsection=\count192
\c@subsubsection=\count193
\c@paragraph=\count194
\c@subparagraph=\count195
\c@figure=\count196
\c@table=\count197
\abovecaptionskip=\skip49
\belowcaptionskip=\skip50
\bibindent=\dimen141
)
(/usr/local/texlive/2024/texmf-dist/tex/latex/geometry/geometry.sty
Package: geometry 2020/01/02 v5.9 Page Geometry

(/usr/local/texlive/2024/texmf-dist/tex/latex/graphics/keyval.sty
Package: keyval 2022/05/29 v1.15 key=value parser (DPC)
\KV@toks@=\toks17
)
(/usr/local/texlive/2024/texmf-dist/tex/generic/iftex/ifvtex.sty
Package: ifvtex 2019/10/25 v1.7 ifvtex legacy package. Use iftex instead.

(/usr/local/texlive/2024/texmf-dist/tex/generic/iftex/iftex.sty
Package: iftex 2022/02/03 v1.0f TeX engine tests
))
\Gm@cnth=\count198
\Gm@cntv=\count199
\c@Gm@tempcnt=\count266
\Gm@bindingoffset=\dimen142
\Gm@wd@mp=\dimen143
\Gm@odd@mp=\dimen144
\Gm@even@mp=\dimen145
\Gm@layoutwidth=\dimen146
\Gm@layoutheight=\dimen147
\Gm@layouthoffset=\dimen148
\Gm@layoutvoffset=\dimen149
\Gm@dimlist=\toks18
)
(/usr/local/texlive/2024/texmf-dist/tex/latex/base/ifthen.sty
Package: ifthen 2024/03/16 v1.1e Standard LaTeX ifthen package (DPC)
)
(/usr/local/texlive/2024/texmf-dist/tex/latex/etoolbox/etoolbox.sty
Package: etoolbox 2020/10/05 v2.5k e-TeX tools for LaTeX (JAW)
\etb@tempcnta=\count267
)
(/usr/local/texlive/2024/texmf-dist/tex/generic/iftex/ifxetex.sty
Package: ifxetex 2019/10/25 v0.7 ifxetex legacy package. Use iftex instead.
)
(/usr/local/texlive/2024/texmf-dist/tex/generic/iftex/ifluatex.sty
Package: ifluatex 2019/10/25 v1.5 ifluatex legacy package. Use iftex instead.
)
(/usr/local/texlive/2024/texmf-dist/tex/latex/graphics/graphicx.sty
Package: graphicx 2021/09/16 v1.2d Enhanced LaTeX Graphics (DPC,SPQR)

(/usr/local/texlive/2024/texmf-dist/tex/latex/graphics/graphics.sty
Package: graphics 2024/05/23 v1.4g Standard LaTeX Graphics (DPC,SPQR)

(/usr/local/texlive/2024/texmf-dist/tex/latex/graphics/trig.sty
Package: trig 2023/12/02 v1.11 sin cos tan (DPC)
)
(/usr/local/texlive/2024/texmf-dist/tex/latex/graphics-cfg/graphics.cfg
File: graphics.cfg 2016/06/04 v1.11 sample graphics configuration
)
Package graphics Info: Driver file: xetex.def on input line 106.

(/usr/local/texlive/2024/texmf-dist/tex/latex/graphics-def/xetex.def
File: xetex.def 2022/09/22 v5.0n Graphics/color driver for xetex
))
\Gin@req@height=\dimen150
\Gin@req@width=\dimen151
)
(/usr/local/texlive/2024/texmf-dist/tex/latex/xcolor/xcolor.sty
Package: xcolor 2024/09/29 v3.02 LaTeX color extensions (UK)

(/usr/local/texlive/2024/texmf-dist/tex/latex/graphics-cfg/color.cfg
File: color.cfg 2016/01/02 v1.6 sample color configuration
)
Package xcolor Info: Driver file: xetex.def on input line 274.

(/usr/local/texlive/2024/texmf-dist/tex/latex/graphics/mathcolor.ltx)
Package xcolor Info: Model `cmy' substituted by `cmy0' on input line 1349.
Package xcolor Info: Model `RGB' extended on input line 1365.
Package xcolor Info: Model `HTML' substituted by `rgb' on input line 1367.
Package xcolor Info: Model `Hsb' substituted by `hsb' on input line 1368.
Package xcolor Info: Model `tHsb' substituted by `hsb' on input line 1369.
Package xcolor Info: Model `HSB' substituted by `hsb' on input line 1370.
Package xcolor Info: Model `Gray' substituted by `gray' on input line 1371.
Package xcolor Info: Model `wave' substituted by `hsb' on input line 1372.
)
(/usr/local/texlive/2024/texmf-dist/tex/latex/graphics/dvipsnam.def
File: dvipsnam.def 2016/06/17 v3.0m Driver-dependent file (DPC,SPQR)
)
(/usr/local/texlive/2024/texmf-dist/tex/latex/xcolor/svgnam.def
File: svgnam.def 2024/09/29 v3.02 Predefined colors according to SVG 1.1 (UK)
)
(/usr/local/texlive/2024/texmf-dist/tex/latex/colortbl/colortbl.sty
Package: colortbl 2024/07/06 v1.0i Color table columns (DPC)

(/usr/local/texlive/2024/texmf-dist/tex/latex/tools/array.sty
Package: array 2024/06/14 v2.6d Tabular extension package (FMi)
\col@sep=\dimen152
\ar@mcellbox=\box52
\extrarowheight=\dimen153
\NC@list=\toks19
\extratabsurround=\skip51
\backup@length=\skip52
\ar@cellbox=\box53
)
\everycr=\toks20
\minrowclearance=\skip53
\rownum=\count268
)
(/usr/local/texlive/2024/texmf-dist/tex/latex/tcolorbox/tcolorbox.sty
Package: tcolorbox 2024/09/27 version 6.4.0 text color boxes

(/usr/local/texlive/2024/texmf-dist/tex/latex/pgf/frontendlayer/tikz.sty
(/usr/local/texlive/2024/texmf-dist/tex/latex/pgf/basiclayer/pgf.sty
(/usr/local/texlive/2024/texmf-dist/tex/latex/pgf/utilities/pgfrcs.sty
(/usr/local/texlive/2024/texmf-dist/tex/generic/pgf/utilities/pgfutil-common.te
x
\pgfutil@everybye=\toks21
\pgfutil@tempdima=\dimen154
\pgfutil@tempdimb=\dimen155
)
(/usr/local/texlive/2024/texmf-dist/tex/generic/pgf/utilities/pgfutil-latex.def
\pgfutil@abb=\box54
) (/usr/local/texlive/2024/texmf-dist/tex/generic/pgf/utilities/pgfrcs.code.tex
(/usr/local/texlive/2024/texmf-dist/tex/generic/pgf/pgf.revision.tex)
Package: pgfrcs 2023-01-15 v3.1.10 (3.1.10)
))
Package: pgf 2023-01-15 v3.1.10 (3.1.10)

(/usr/local/texlive/2024/texmf-dist/tex/latex/pgf/basiclayer/pgfcore.sty
(/usr/local/texlive/2024/texmf-dist/tex/latex/pgf/systemlayer/pgfsys.sty
(/usr/local/texlive/2024/texmf-dist/tex/generic/pgf/systemlayer/pgfsys.code.tex
Package: pgfsys 2023-01-15 v3.1.10 (3.1.10)
(/usr/local/texlive/2024/texmf-dist/tex/generic/pgf/utilities/pgfkeys.code.tex
\pgfkeys@pathtoks=\toks22
\pgfkeys@temptoks=\toks23

(/usr/local/texlive/2024/texmf-dist/tex/generic/pgf/utilities/pgfkeyslibraryfil
tered.code.tex
\pgfkeys@tmptoks=\toks24
))
\pgf@x=\dimen156
\pgf@y=\dimen157
\pgf@xa=\dimen158
\pgf@ya=\dimen159
\pgf@xb=\dimen160
\pgf@yb=\dimen161
\pgf@xc=\dimen162
\pgf@yc=\dimen163
\pgf@xd=\dimen164
\pgf@yd=\dimen165
\w@pgf@writea=\write3
\r@pgf@reada=\read2
\c@pgf@counta=\count269
\c@pgf@countb=\count270
\c@pgf@countc=\count271
\c@pgf@countd=\count272
\t@pgf@toka=\toks25
\t@pgf@tokb=\toks26
\t@pgf@tokc=\toks27
\pgf@sys@id@count=\count273

(/usr/local/texlive/2024/texmf-dist/tex/generic/pgf/systemlayer/pgf.cfg
File: pgf.cfg 2023-01-15 v3.1.10 (3.1.10)
)
Driver file for pgf: pgfsys-xetex.def

(/usr/local/texlive/2024/texmf-dist/tex/generic/pgf/systemlayer/pgfsys-xetex.de
f
File: pgfsys-xetex.def 2023-01-15 v3.1.10 (3.1.10)

(/usr/local/texlive/2024/texmf-dist/tex/generic/pgf/systemlayer/pgfsys-dvipdfmx
.def
File: pgfsys-dvipdfmx.def 2023-01-15 v3.1.10 (3.1.10)

(/usr/local/texlive/2024/texmf-dist/tex/generic/pgf/systemlayer/pgfsys-common-p
df.def
File: pgfsys-common-pdf.def 2023-01-15 v3.1.10 (3.1.10)
)
\pgfsys@objnum=\count274
)))
(/usr/local/texlive/2024/texmf-dist/tex/generic/pgf/systemlayer/pgfsyssoftpath.
code.tex
File: pgfsyssoftpath.code.tex 2023-01-15 v3.1.10 (3.1.10)
\pgfsyssoftpath@smallbuffer@items=\count275
\pgfsyssoftpath@bigbuffer@items=\count276
)
(/usr/local/texlive/2024/texmf-dist/tex/generic/pgf/systemlayer/pgfsysprotocol.
code.tex
File: pgfsysprotocol.code.tex 2023-01-15 v3.1.10 (3.1.10)
))
(/usr/local/texlive/2024/texmf-dist/tex/generic/pgf/basiclayer/pgfcore.code.tex
Package: pgfcore 2023-01-15 v3.1.10 (3.1.10)
(/usr/local/texlive/2024/texmf-dist/tex/generic/pgf/math/pgfmath.code.tex
(/usr/local/texlive/2024/texmf-dist/tex/generic/pgf/math/pgfmathutil.code.tex)
(/usr/local/texlive/2024/texmf-dist/tex/generic/pgf/math/pgfmathparser.code.tex
\pgfmath@dimen=\dimen166
\pgfmath@count=\count277
\pgfmath@box=\box55
\pgfmath@toks=\toks28
\pgfmath@stack@operand=\toks29
\pgfmath@stack@operation=\toks30
)
(/usr/local/texlive/2024/texmf-dist/tex/generic/pgf/math/pgfmathfunctions.code.
tex)
(/usr/local/texlive/2024/texmf-dist/tex/generic/pgf/math/pgfmathfunctions.basic
.code.tex)
(/usr/local/texlive/2024/texmf-dist/tex/generic/pgf/math/pgfmathfunctions.trigo
nometric.code.tex)
(/usr/local/texlive/2024/texmf-dist/tex/generic/pgf/math/pgfmathfunctions.rando
m.code.tex)
(/usr/local/texlive/2024/texmf-dist/tex/generic/pgf/math/pgfmathfunctions.compa
rison.code.tex)
(/usr/local/texlive/2024/texmf-dist/tex/generic/pgf/math/pgfmathfunctions.base.
code.tex)
(/usr/local/texlive/2024/texmf-dist/tex/generic/pgf/math/pgfmathfunctions.round
.code.tex)
(/usr/local/texlive/2024/texmf-dist/tex/generic/pgf/math/pgfmathfunctions.misc.
code.tex)
(/usr/local/texlive/2024/texmf-dist/tex/generic/pgf/math/pgfmathfunctions.integ
erarithmetics.code.tex)
(/usr/local/texlive/2024/texmf-dist/tex/generic/pgf/math/pgfmathcalc.code.tex)
(/usr/local/texlive/2024/texmf-dist/tex/generic/pgf/math/pgfmathfloat.code.tex
\c@pgfmathroundto@lastzeros=\count278
)) (/usr/local/texlive/2024/texmf-dist/tex/generic/pgf/math/pgfint.code.tex)
(/usr/local/texlive/2024/texmf-dist/tex/generic/pgf/basiclayer/pgfcorepoints.co
de.tex
File: pgfcorepoints.code.tex 2023-01-15 v3.1.10 (3.1.10)
\pgf@picminx=\dimen167
\pgf@picmaxx=\dimen168
\pgf@picminy=\dimen169
\pgf@picmaxy=\dimen170
\pgf@pathminx=\dimen171
\pgf@pathmaxx=\dimen172
\pgf@pathminy=\dimen173
\pgf@pathmaxy=\dimen174
\pgf@xx=\dimen175
\pgf@xy=\dimen176
\pgf@yx=\dimen177
\pgf@yy=\dimen178
\pgf@zx=\dimen179
\pgf@zy=\dimen180
)
(/usr/local/texlive/2024/texmf-dist/tex/generic/pgf/basiclayer/pgfcorepathconst
ruct.code.tex
File: pgfcorepathconstruct.code.tex 2023-01-15 v3.1.10 (3.1.10)
\pgf@path@lastx=\dimen181
\pgf@path@lasty=\dimen182
)
(/usr/local/texlive/2024/texmf-dist/tex/generic/pgf/basiclayer/pgfcorepathusage
.code.tex
File: pgfcorepathusage.code.tex 2023-01-15 v3.1.10 (3.1.10)
\pgf@shorten@end@additional=\dimen183
\pgf@shorten@start@additional=\dimen184
)
(/usr/local/texlive/2024/texmf-dist/tex/generic/pgf/basiclayer/pgfcorescopes.co
de.tex
File: pgfcorescopes.code.tex 2023-01-15 v3.1.10 (3.1.10)
\pgfpic=\box56
\pgf@hbox=\box57
\pgf@layerbox@main=\box58
\pgf@picture@serial@count=\count279
)
(/usr/local/texlive/2024/texmf-dist/tex/generic/pgf/basiclayer/pgfcoregraphicst
ate.code.tex
File: pgfcoregraphicstate.code.tex 2023-01-15 v3.1.10 (3.1.10)
\pgflinewidth=\dimen185
)
(/usr/local/texlive/2024/texmf-dist/tex/generic/pgf/basiclayer/pgfcoretransform
ations.code.tex
File: pgfcoretransformations.code.tex 2023-01-15 v3.1.10 (3.1.10)
\pgf@pt@x=\dimen186
\pgf@pt@y=\dimen187
\pgf@pt@temp=\dimen188
)
(/usr/local/texlive/2024/texmf-dist/tex/generic/pgf/basiclayer/pgfcorequick.cod
e.tex
File: pgfcorequick.code.tex 2023-01-15 v3.1.10 (3.1.10)
)
(/usr/local/texlive/2024/texmf-dist/tex/generic/pgf/basiclayer/pgfcoreobjects.c
ode.tex
File: pgfcoreobjects.code.tex 2023-01-15 v3.1.10 (3.1.10)
)
(/usr/local/texlive/2024/texmf-dist/tex/generic/pgf/basiclayer/pgfcorepathproce
ssing.code.tex
File: pgfcorepathprocessing.code.tex 2023-01-15 v3.1.10 (3.1.10)
)
(/usr/local/texlive/2024/texmf-dist/tex/generic/pgf/basiclayer/pgfcorearrows.co
de.tex
File: pgfcorearrows.code.tex 2023-01-15 v3.1.10 (3.1.10)
\pgfarrowsep=\dimen189
)
(/usr/local/texlive/2024/texmf-dist/tex/generic/pgf/basiclayer/pgfcoreshade.cod
e.tex
File: pgfcoreshade.code.tex 2023-01-15 v3.1.10 (3.1.10)
\pgf@max=\dimen190
\pgf@sys@shading@range@num=\count280
\pgf@shadingcount=\count281
)
(/usr/local/texlive/2024/texmf-dist/tex/generic/pgf/basiclayer/pgfcoreimage.cod
e.tex
File: pgfcoreimage.code.tex 2023-01-15 v3.1.10 (3.1.10)
)
(/usr/local/texlive/2024/texmf-dist/tex/generic/pgf/basiclayer/pgfcoreexternal.
code.tex
File: pgfcoreexternal.code.tex 2023-01-15 v3.1.10 (3.1.10)
\pgfexternal@startupbox=\box59
)
(/usr/local/texlive/2024/texmf-dist/tex/generic/pgf/basiclayer/pgfcorelayers.co
de.tex
File: pgfcorelayers.code.tex 2023-01-15 v3.1.10 (3.1.10)
)
(/usr/local/texlive/2024/texmf-dist/tex/generic/pgf/basiclayer/pgfcoretranspare
ncy.code.tex
File: pgfcoretransparency.code.tex 2023-01-15 v3.1.10 (3.1.10)
)
(/usr/local/texlive/2024/texmf-dist/tex/generic/pgf/basiclayer/pgfcorepatterns.
code.tex
File: pgfcorepatterns.code.tex 2023-01-15 v3.1.10 (3.1.10)
)
(/usr/local/texlive/2024/texmf-dist/tex/generic/pgf/basiclayer/pgfcorerdf.code.
tex
File: pgfcorerdf.code.tex 2023-01-15 v3.1.10 (3.1.10)
)))
(/usr/local/texlive/2024/texmf-dist/tex/generic/pgf/modules/pgfmoduleshapes.cod
e.tex
File: pgfmoduleshapes.code.tex 2023-01-15 v3.1.10 (3.1.10)
\pgfnodeparttextbox=\box60
)
(/usr/local/texlive/2024/texmf-dist/tex/generic/pgf/modules/pgfmoduleplot.code.
tex
File: pgfmoduleplot.code.tex 2023-01-15 v3.1.10 (3.1.10)
)
(/usr/local/texlive/2024/texmf-dist/tex/latex/pgf/compatibility/pgfcomp-version
-0-65.sty
Package: pgfcomp-version-0-65 2023-01-15 v3.1.10 (3.1.10)
\pgf@nodesepstart=\dimen191
\pgf@nodesepend=\dimen192
)
(/usr/local/texlive/2024/texmf-dist/tex/latex/pgf/compatibility/pgfcomp-version
-1-18.sty
Package: pgfcomp-version-1-18 2023-01-15 v3.1.10 (3.1.10)
))
(/usr/local/texlive/2024/texmf-dist/tex/latex/pgf/utilities/pgffor.sty
(/usr/local/texlive/2024/texmf-dist/tex/latex/pgf/utilities/pgfkeys.sty
(/usr/local/texlive/2024/texmf-dist/tex/generic/pgf/utilities/pgfkeys.code.tex)
) (/usr/local/texlive/2024/texmf-dist/tex/latex/pgf/math/pgfmath.sty
(/usr/local/texlive/2024/texmf-dist/tex/generic/pgf/math/pgfmath.code.tex))
(/usr/local/texlive/2024/texmf-dist/tex/generic/pgf/utilities/pgffor.code.tex
Package: pgffor 2023-01-15 v3.1.10 (3.1.10)
\pgffor@iter=\dimen193
\pgffor@skip=\dimen194
\pgffor@stack=\toks31
\pgffor@toks=\toks32
))
(/usr/local/texlive/2024/texmf-dist/tex/generic/pgf/frontendlayer/tikz/tikz.cod
e.tex
Package: tikz 2023-01-15 v3.1.10 (3.1.10)

(/usr/local/texlive/2024/texmf-dist/tex/generic/pgf/libraries/pgflibraryplothan
dlers.code.tex
File: pgflibraryplothandlers.code.tex 2023-01-15 v3.1.10 (3.1.10)
\pgf@plot@mark@count=\count282
\pgfplotmarksize=\dimen195
)
\tikz@lastx=\dimen196
\tikz@lasty=\dimen197
\tikz@lastxsaved=\dimen198
\tikz@lastysaved=\dimen199
\tikz@lastmovetox=\dimen256
\tikz@lastmovetoy=\dimen257
\tikzleveldistance=\dimen258
\tikzsiblingdistance=\dimen259
\tikz@figbox=\box61
\tikz@figbox@bg=\box62
\tikz@tempbox=\box63
\tikz@tempbox@bg=\box64
\tikztreelevel=\count283
\tikznumberofchildren=\count284
\tikznumberofcurrentchild=\count285
\tikz@fig@count=\count286

(/usr/local/texlive/2024/texmf-dist/tex/generic/pgf/modules/pgfmodulematrix.cod
e.tex
File: pgfmodulematrix.code.tex 2023-01-15 v3.1.10 (3.1.10)
\pgfmatrixcurrentrow=\count287
\pgfmatrixcurrentcolumn=\count288
\pgf@matrix@numberofcolumns=\count289
)
\tikz@expandcount=\count290

(/usr/local/texlive/2024/texmf-dist/tex/generic/pgf/frontendlayer/tikz/librarie
s/tikzlibrarytopaths.code.tex
File: tikzlibrarytopaths.code.tex 2023-01-15 v3.1.10 (3.1.10)
)))
(/usr/local/texlive/2024/texmf-dist/tex/latex/tools/verbatim.sty
Package: verbatim 2024-01-22 v1.5x LaTeX2e package for verbatim enhancements
\every@verbatim=\toks33
\verbatim@line=\toks34
\verbatim@in@stream=\read3
)
(/usr/local/texlive/2024/texmf-dist/tex/latex/environ/environ.sty
Package: environ 2014/05/04 v0.3 A new way to define environments

(/usr/local/texlive/2024/texmf-dist/tex/latex/trimspaces/trimspaces.sty
Package: trimspaces 2009/09/17 v1.1 Trim spaces around a token list
)
\@envbody=\toks35
)
\tcb@titlebox=\box65
\tcb@upperbox=\box66
\tcb@lowerbox=\box67
\tcb@phantombox=\box68
\c@tcbbreakpart=\count291
\c@tcblayer=\count292
\c@tcolorbox@number=\count293
\l__tcobox_tmpa_box=\box69
\l__tcobox_tmpa_dim=\dimen260
\tcb@temp=\box70
\tcb@temp=\box71
\tcb@temp=\box72
\tcb@temp=\box73
)
(/usr/local/texlive/2024/texmf-dist/tex/latex/tcolorbox/tcbskins.code.tex
Library (tcolorbox): 'tcbskins.code.tex' version '6.4.0'
(/usr/local/texlive/2024/texmf-dist/tex/latex/tikzfill/tikzfill.image.sty
Package: tikzfill.image 2023/08/08 v1.0.1 Image filling library for TikZ

(/usr/local/texlive/2024/texmf-dist/tex/latex/tikzfill/tikzfill-common.sty
Package: tikzfill-common 2023/08/08 v1.0.1 Auxiliary code for tikzfill
)
(/usr/local/texlive/2024/texmf-dist/tex/latex/tikzfill/tikzlibraryfill.image.co
de.tex
File: tikzlibraryfill.image.code.tex 2023/08/08 v1.0.1 Image filling library
\l__tikzfill_img_box=\box74
))
(/usr/local/texlive/2024/texmf-dist/tex/latex/tcolorbox/tcbskinsjigsaw.code.tex
Library (tcolorbox): 'tcbskinsjigsaw.code.tex' version '6.4.0'
))
(/usr/local/texlive/2024/texmf-dist/tex/latex/tcolorbox/tcbbreakable.code.tex
Library (tcolorbox): 'tcbbreakable.code.tex' version '6.4.0'
(/usr/local/texlive/2024/texmf-dist/tex/latex/pdfcol/pdfcol.sty
Package: pdfcol 2022-09-21 v1.7 Handle new color stacks for pdfTeX (HO)

(/usr/local/texlive/2024/texmf-dist/tex/generic/ltxcmds/ltxcmds.sty
Package: ltxcmds 2023-12-04 v1.26 LaTeX kernel commands for general use (HO)
)
(/usr/local/texlive/2024/texmf-dist/tex/generic/infwarerr/infwarerr.sty
Package: infwarerr 2019/12/03 v1.5 Providing info/warning/error messages (HO)
)
Package pdfcol Info: Interface disabled because of missing PDF mode of pdfTeX.
)
Package pdfcol Info: pdfTeX's color stacks are not available.
\tcb@testbox=\box75
\tcb@totalupperbox=\box76
\tcb@totallowerbox=\box77
)
(/usr/local/texlive/2024/texmf-dist/tex/latex/tcolorbox/tcbraster.code.tex
Library (tcolorbox): 'tcbraster.code.tex' version '6.4.0'
\c@tcbrastercolumn=\count294
\c@tcbrasterrow=\count295
\c@tcbrasternum=\count296
\c@tcbraster=\count297
) (/usr/local/texlive/2024/texmf-dist/tex/latex/tcolorbox/tcbxparse.code.tex
Library (tcolorbox): 'tcbxparse.code.tex' version '6.4.0'
(/usr/local/texlive/2024/texmf-dist/tex/latex/l3packages/xparse/xparse.sty
(/usr/local/texlive/2024/texmf-dist/tex/latex/l3kernel/expl3.sty
Package: expl3 2024-09-10 L3 programming layer (loader) 

(/usr/local/texlive/2024/texmf-dist/tex/latex/l3backend/l3backend-xetex.def
File: l3backend-xetex.def 2024-05-08 L3 backend support: XeTeX
\g__graphics_track_int=\count298
\l__pdf_internal_box=\box78
\g__pdf_backend_annotation_int=\count299
\g__pdf_backend_link_int=\count300
))
Package: xparse 2024-08-16 L3 Experimental document command parser
))
(/usr/local/texlive/2024/texmf-dist/tex/generic/pgf/frontendlayer/tikz/librarie
s/tikzlibrarycalc.code.tex
File: tikzlibrarycalc.code.tex 2023-01-15 v3.1.10 (3.1.10)
)
(/usr/local/texlive/2024/texmf-dist/tex/latex/tcolorbox/tcbhooks.code.tex
Library (tcolorbox): 'tcbhooks.code.tex' version '6.4.0'
)
\normalparindent=\skip54
\normalparskip=\skip55
 (/usr/local/texlive/2024/texmf-dist/tex/generic/xstring/xstring.sty
(/usr/local/texlive/2024/texmf-dist/tex/generic/xstring/xstring.tex
\xs_counta=\count301
\xs_countb=\count302
)
Package: xstring 2023/08/22 v1.86 String manipulations (CT)
)
(/usr/local/texlive/2024/texmf-dist/tex/xelatex/xltxtra/xltxtra.sty
Package: xltxtra 2018/12/31 v0.7 Improvements for the "XeLaTeX" format

(/usr/local/texlive/2024/texmf-dist/tex/latex/fontspec/fontspec.sty
Package: fontspec 2024/05/11 v2.9e Font selection for XeLaTeX and LuaLaTeX

(/usr/local/texlive/2024/texmf-dist/tex/latex/fontspec/fontspec-xetex.sty
Package: fontspec-xetex 2024/05/11 v2.9e Font selection for XeLaTeX and LuaLaTe
X
\l__fontspec_script_int=\count303
\l__fontspec_language_int=\count304
\l__fontspec_strnum_int=\count305
\l__fontspec_tmp_int=\count306
\l__fontspec_tmpa_int=\count307
\l__fontspec_tmpb_int=\count308
\l__fontspec_tmpc_int=\count309
\l__fontspec_em_int=\count310
\l__fontspec_emdef_int=\count311
\l__fontspec_strong_int=\count312
\l__fontspec_strongdef_int=\count313
\l__fontspec_tmpa_dim=\dimen261
\l__fontspec_tmpb_dim=\dimen262
\l__fontspec_tmpc_dim=\dimen263

(/usr/local/texlive/2024/texmf-dist/tex/latex/base/fontenc.sty
Package: fontenc 2021/04/29 v2.0v Standard LaTeX package
)
(/usr/local/texlive/2024/texmf-dist/tex/latex/fontspec/fontspec.cfg)))
(/usr/local/texlive/2024/texmf-dist/tex/latex/realscripts/realscripts.sty
Package: realscripts 2016/02/13 v0.3d Access OpenType subscripts and superscrip
ts
\subsupersep=\dimen264
)
(/usr/local/texlive/2024/texmf-dist/tex/latex/metalogo/metalogo.sty
Package: metalogo 2010/05/29 v0.12 Extended TeX logo macros
\xl@everylogo=\toks36
\xl@@everylogo=\toks37
LaTeX Info: Redefining \TeX on input line 193.
LaTeX Info: Redefining \LaTeX on input line 202.
LaTeX Info: Redefining \LaTeXe on input line 219.
)
\l__xetex_show_hyphens_wrapping_box=\box79
\l__xetex_show_hyphens_temp_box=\box80
\l__xetex_show_hyphens_final_box=\box81
\g__xetex_show_hyphens_word_box=\box82
)
(/usr/local/texlive/2024/texmf-dist/tex/latex/inconsolata/zi4.sty
Package: zi4 2019/05/17 v1.12

`inconsolata-zi4' v1.12, 2019/05/17 Text macros for Inconsolata (msharpe)
(/usr/local/texlive/2024/texmf-dist/tex/latex/base/textcomp.sty
Package: textcomp 2024/04/24 v2.1b Standard LaTeX package
)
(/usr/local/texlive/2024/texmf-dist/tex/latex/xkeyval/xkeyval.sty
Package: xkeyval 2022/06/16 v2.9 package option processing (HA)

(/usr/local/texlive/2024/texmf-dist/tex/generic/xkeyval/xkeyval.tex
(/usr/local/texlive/2024/texmf-dist/tex/generic/xkeyval/xkvutils.tex
\XKV@toks=\toks38
\XKV@tempa@toks=\toks39
)
\XKV@depth=\count314
File: xkeyval.tex 2014/12/03 v2.7a key=value parser (HA)
))
\zifour@ocount=\count315
)

Package fontspec Info: 
(fontspec)             Font family 'Inconsolatazi4-Regular.otf(0)' created for
(fontspec)             font 'Inconsolatazi4-Regular.otf' with options
(fontspec)             [WordSpace={1,0,0},HyphenChar=None,PunctuationSpace=Word
Space,BoldFont=Inconsolatazi4-Bold.otf,StylisticSet={1,3}].
(fontspec)              
(fontspec)              This font family consists of the following NFSS
(fontspec)             series/shapes:
(fontspec)              
(fontspec)             - 'normal' (m/n) with NFSS spec.:
(fontspec)             <->"[Inconsolatazi4-Regular.otf]/OT:script=latn;language
=dflt;+ss01;+ss03;"
(fontspec)             - 'bold' (b/n) with NFSS spec.:
(fontspec)             <->"[Inconsolatazi4-Bold.otf]/OT:script=latn;language=df
lt;+ss01;+ss03;"


(/usr/local/texlive/2024/texmf-dist/tex/latex/polyglossia/polyglossia.sty
Package: polyglossia 2024/09/23 v2.3 Modern multilingual typesetting with XeLaT
eX and LuaLaTeX
\l_xpg_alias_keyvals_int=\count316

(/usr/local/texlive/2024/texmf-dist/tex/latex/polyglossia/gloss-latex.ldf
File: gloss-latex.ldf polyglossia: module for default language
))
(/usr/local/texlive/2024/texmf-dist/tex/latex/polyglossia/gloss-english.ldf
File: gloss-english.ldf polyglossia: module for English
)

Package polyglossia Info: Default language is english


(/usr/local/texlive/2024/texmf-dist/tex/latex/microtype/microtype.sty
Package: microtype 2024/03/29 v3.1b Micro-typographical refinements (RS)
\MT@toks=\toks40
\MT@tempbox=\box83
\MT@count=\count317
LaTeX Info: Redefining \noprotrusionifhmode on input line 1061.
LaTeX Info: Redefining \leftprotrusion on input line 1062.
\MT@prot@toks=\toks41
LaTeX Info: Redefining \rightprotrusion on input line 1081.
LaTeX Info: Redefining \textls on input line 1392.
\MT@outer@kern=\dimen265
LaTeX Info: Redefining \textmicrotypecontext on input line 2013.
\MT@listname@count=\count318

(/usr/local/texlive/2024/texmf-dist/tex/latex/microtype/microtype-xetex.def
File: microtype-xetex.def 2024/03/29 v3.1b Definitions specific to xetex (RS)
LaTeX Info: Redefining \lsstyle on input line 238.
)
Package microtype Info: Loading configuration file microtype.cfg.

(/usr/local/texlive/2024/texmf-dist/tex/latex/microtype/microtype.cfg
File: microtype.cfg 2024/03/29 v3.1b microtype main configuration file (RS)
))
(/usr/local/texlive/2024/texmf-dist/tex/latex/amsmath/amsmath.sty
Package: amsmath 2024/05/23 v2.17q AMS math features
\@mathmargin=\skip56

For additional information on amsmath, use the `?' option.
(/usr/local/texlive/2024/texmf-dist/tex/latex/amsmath/amstext.sty
Package: amstext 2021/08/26 v2.01 AMS text

(/usr/local/texlive/2024/texmf-dist/tex/latex/amsmath/amsgen.sty
File: amsgen.sty 1999/11/30 v2.0 generic functions
\@emptytoks=\toks42
\ex@=\dimen266
))
(/usr/local/texlive/2024/texmf-dist/tex/latex/amsmath/amsbsy.sty
Package: amsbsy 1999/11/29 v1.2d Bold Symbols
\pmbraise@=\dimen267
)
(/usr/local/texlive/2024/texmf-dist/tex/latex/amsmath/amsopn.sty
Package: amsopn 2022/04/08 v2.04 operator names
)
\inf@bad=\count319
LaTeX Info: Redefining \frac on input line 233.
\uproot@=\count320
\leftroot@=\count321
LaTeX Info: Redefining \overline on input line 398.
LaTeX Info: Redefining \colon on input line 409.
\classnum@=\count322
\DOTSCASE@=\count323
LaTeX Info: Redefining \ldots on input line 495.
LaTeX Info: Redefining \dots on input line 498.
LaTeX Info: Redefining \cdots on input line 619.
\Mathstrutbox@=\box84
\strutbox@=\box85
LaTeX Info: Redefining \big on input line 721.
LaTeX Info: Redefining \Big on input line 722.
LaTeX Info: Redefining \bigg on input line 723.
LaTeX Info: Redefining \Bigg on input line 724.
\big@size=\dimen268
LaTeX Font Info:    Redeclaring font encoding OML on input line 742.
LaTeX Font Info:    Redeclaring font encoding OMS on input line 743.
\macc@depth=\count324
LaTeX Info: Redefining \bmod on input line 904.
LaTeX Info: Redefining \pmod on input line 909.
LaTeX Info: Redefining \smash on input line 939.
LaTeX Info: Redefining \relbar on input line 969.
LaTeX Info: Redefining \Relbar on input line 970.
\c@MaxMatrixCols=\count325
\dotsspace@=\muskip17
\c@parentequation=\count326
\dspbrk@lvl=\count327
\tag@help=\toks43
\row@=\count328
\column@=\count329
\maxfields@=\count330
\andhelp@=\toks44
\eqnshift@=\dimen269
\alignsep@=\dimen270
\tagshift@=\dimen271
\tagwidth@=\dimen272
\totwidth@=\dimen273
\lineht@=\dimen274
\@envbody=\toks45
\multlinegap=\skip57
\multlinetaggap=\skip58
\mathdisplay@stack=\toks46
LaTeX Info: Redefining \[ on input line 2953.
LaTeX Info: Redefining \] on input line 2954.
)
(/usr/local/texlive/2024/texmf-dist/tex/latex/amsmath/amscd.sty
Package: amscd 2017/04/14 v2.1 AMS Commutative Diagrams
\athelp@=\toks47
\minaw@=\dimen275
\bigaw@=\dimen276
\minCDarrowwidth=\dimen277
)
(/usr/local/texlive/2024/texmf-dist/tex/latex/amsfonts/amssymb.sty
Package: amssymb 2013/01/14 v3.01 AMS font symbols

(/usr/local/texlive/2024/texmf-dist/tex/latex/amsfonts/amsfonts.sty
Package: amsfonts 2013/01/14 v3.01 Basic AMSFonts support
\symAMSa=\mathgroup4
\symAMSb=\mathgroup5
LaTeX Font Info:    Redeclaring math symbol \hbar on input line 98.
LaTeX Font Info:    Overwriting math alphabet `\mathfrak' in version `bold'
(Font)                  U/euf/m/n --> U/euf/b/n on input line 106.
))
(/usr/local/texlive/2024/texmf-dist/tex/latex/titlesec/titlesec.sty
Package: titlesec 2023/10/27 v2.16 Sectioning titles
\ttl@box=\box86
\beforetitleunit=\skip59
\aftertitleunit=\skip60
\ttl@plus=\dimen278
\ttl@minus=\dimen279
\ttl@toksa=\toks48
\titlewidth=\dimen280
\titlewidthlast=\dimen281
\titlewidthfirst=\dimen282

(/usr/local/texlive/2024/texmf-dist/tex/latex/titlesec/titleps.sty))
(/usr/local/texlive/2024/texmf-dist/tex/latex/titlesec/titletoc.sty
Package: titletoc 2023/10/27 v2.16 TOC entries
\ttl@leftsep=\dimen283
)
\c@ttlp@side=\count331
\ttlp@side=\count332

(/usr/local/texlive/2024/texmf-dist/tex/generic/ulem/ulem.sty
\UL@box=\box87
\UL@hyphenbox=\box88
\UL@skip=\skip61
\UL@hook=\toks49
\UL@height=\dimen284
\UL@pe=\count333
\UL@pixel=\dimen285
\ULC@box=\box89
Package: ulem 2019/11/18
\ULdepth=\dimen286
)
\fillinmaxwidth=\skip62
\fillincontract=\skip63
\charmaxwidth=\skip64
\charminwidth=\skip65
\fillinheight=\skip66

(/usr/local/texlive/2024/texmf-dist/tex/latex/siunitx/siunitx.sty
Package: siunitx 2024-09-30 v3.3.22 A comprehensive (SI) units package
\l__siunitx_number_uncert_offset_int=\count334
\l__siunitx_number_exponent_fixed_int=\count335
\l__siunitx_number_min_decimal_int=\count336
\l__siunitx_number_min_integer_int=\count337
\l__siunitx_number_round_precision_int=\count338
\l__siunitx_number_lower_threshold_int=\count339
\l__siunitx_number_upper_threshold_int=\count340
\l__siunitx_number_group_first_int=\count341
\l__siunitx_number_group_size_int=\count342
\l__siunitx_number_group_minimum_int=\count343
\l__siunitx_angle_tmp_dim=\dimen287
\l__siunitx_angle_marker_box=\box90
\l__siunitx_angle_unit_box=\box91
\l__siunitx_compound_count_int=\count344

(/usr/local/texlive/2024/texmf-dist/tex/latex/translations/translations.sty
Package: translations 2022/02/05 v1.12 internationalization of LaTeX2e packages
 (CN)

(/usr/local/texlive/2024/texmf-dist/tex/generic/pdftexcmds/pdftexcmds.sty
Package: pdftexcmds 2020-06-27 v0.33 Utility functions of pdfTeX for LuaTeX (HO
)
Package pdftexcmds Info: \pdf@primitive is available.
Package pdftexcmds Info: \pdf@ifprimitive is available.
Package pdftexcmds Info: \pdfdraftmode not found.
))
\l__siunitx_table_tmp_box=\box92
\l__siunitx_table_tmp_dim=\dimen288
\l__siunitx_table_column_width_dim=\dimen289
\l__siunitx_table_integer_box=\box93
\l__siunitx_table_decimal_box=\box94
\l__siunitx_table_uncert_box=\box95
\l__siunitx_table_before_box=\box96
\l__siunitx_table_after_box=\box97
\l__siunitx_table_before_dim=\dimen290
\l__siunitx_table_carry_dim=\dimen291
\l__siunitx_unit_tmp_int=\count345
\l__siunitx_unit_position_int=\count346
\l__siunitx_unit_total_int=\count347
)
PTX: discovered siunitx v3, >= 2021-05-17

Package siunitx Warning: Option "math-micro" has been removed in this release.


Package siunitx Warning: Option "text-micro" has been removed in this release.

\workspacestrutwidth=\skip67
\Oldarrayrulewidth=\skip68
(/usr/local/texlive/2024/texmf-dist/tex/latex/fontawesome5/fontawesome5.sty
Package: fontawesome5 2022/05/02 v5.15.4 Font Awesome 5

(/usr/local/texlive/2024/texmf-dist/tex/latex/l3packages/l3keys2e/l3keys2e.sty
Package: l3keys2e 2024-08-16 LaTeX2e option processing using LaTeX3 keys
)
(/usr/local/texlive/2024/texmf-dist/tex/latex/fontawesome5/fontawesome5-utex-he
lper.sty
Package: fontawesome5-utex-helper 2022/05/02 v5.15.4 uTeX helper for fontawesom
e5
LaTeX Font Info:    Trying to load font information for TU+fontawesomefree on i
nput line 69.

(/usr/local/texlive/2024/texmf-dist/tex/latex/fontawesome5/tufontawesomefree.fd
)
LaTeX Font Info:    Trying to load font information for TU+fontawesomebrands on
 input line 70.

(/usr/local/texlive/2024/texmf-dist/tex/latex/fontawesome5/tufontawesomebrands.
fd)))
(/usr/local/texlive/2024/texmf-dist/tex/latex/tcolorbox/tcblistings.code.tex
Library (tcolorbox): 'tcblistings.code.tex' version '6.4.0'
(/usr/local/texlive/2024/texmf-dist/tex/latex/listings/listings.sty
\lst@mode=\count348
\lst@gtempboxa=\box98
\lst@token=\toks50
\lst@length=\count349
\lst@currlwidth=\dimen292
\lst@column=\count350
\lst@pos=\count351
\lst@lostspace=\dimen293
\lst@width=\dimen294
\lst@newlines=\count352
\lst@lineno=\count353
\lst@maxwidth=\dimen295

(/usr/local/texlive/2024/texmf-dist/tex/latex/listings/lstpatch.sty
File: lstpatch.sty 2024/09/23 1.10c (Carsten Heinz)
)
(/usr/local/texlive/2024/texmf-dist/tex/latex/listings/lstmisc.sty
File: lstmisc.sty 2024/09/23 1.10c (Carsten Heinz)
\c@lstnumber=\count354
\lst@skipnumbers=\count355
\lst@framebox=\box99
)
(/usr/local/texlive/2024/texmf-dist/tex/latex/listings/listings.cfg
File: listings.cfg 2024/09/23 1.10c listings configuration
))
Package: listings 2024/09/23 1.10c (Carsten Heinz)

(/usr/local/texlive/2024/texmf-dist/tex/latex/tcolorbox/tcblistingscore.code.te
x
Library (tcolorbox): 'tcblistingscore.code.tex' version '6.4.0'
(/usr/local/texlive/2024/texmf-dist/tex/latex/tcolorbox/tcbprocessing.code.tex
Library (tcolorbox): 'tcbprocessing.code.tex' version '6.4.0'
)
\c@tcblisting=\count356
)) (/usr/local/texlive/2024/texmf-dist/tex/latex/fancyvrb/fancyvrb.sty
Package: fancyvrb 2024/01/20 4.5c verbatim text (tvz,hv)
\FV@CodeLineNo=\count357
\FV@InFile=\read4
\FV@TabBox=\box100
\c@FancyVerbLine=\count358
\FV@StepNumber=\count359
\FV@OutFile=\write4
)
(/usr/local/texlive/2024/texmf-dist/tex/latex/tools/multicol.sty
Package: multicol 2024/05/23 v1.9h multicolumn formatting (FMi)
\c@tracingmulticols=\count360
\mult@box=\box101
\multicol@leftmargin=\dimen296
\c@unbalance=\count361
\c@collectmore=\count362
\doublecol@number=\count363
\multicoltolerance=\count364
\multicolpretolerance=\count365
\full@width=\dimen297
\page@free=\dimen298
\premulticols=\dimen299
\postmulticols=\dimen300
\multicolsep=\skip69
\multicolbaselineskip=\skip70
\partial@page=\box102
\last@line=\box103
\mc@boxedresult=\box104
\maxbalancingoverflow=\dimen301
\mult@rightbox=\box105
\mult@grightbox=\box106
\mult@firstbox=\box107
\mult@gfirstbox=\box108
\@tempa=\box109
\@tempa=\box110
\@tempa=\box111
\@tempa=\box112
\@tempa=\box113
\@tempa=\box114
\@tempa=\box115
\@tempa=\box116
\@tempa=\box117
\@tempa=\box118
\@tempa=\box119
\@tempa=\box120
\@tempa=\box121
\@tempa=\box122
\@tempa=\box123
\@tempa=\box124
\@tempa=\box125
\@tempa=\box126
\@tempa=\box127
\@tempa=\box128
\@tempa=\box129
\@tempa=\box130
\@tempa=\box131
\@tempa=\box132
\@tempa=\box133
\@tempa=\box134
\@tempa=\box135
\@tempa=\box136
\@tempa=\box137
\@tempa=\box138
\@tempa=\box139
\@tempa=\box140
\@tempa=\box141
\@tempa=\box142
\@tempa=\box143
\@tempa=\box144
\c@minrows=\count366
\c@columnbadness=\count367
\c@finalcolumnbadness=\count368
\last@try=\dimen302
\multicolovershoot=\dimen303
\multicolundershoot=\dimen304
\mult@nat@firstbox=\box145
\colbreak@box=\box146
\mc@col@check@num=\count369
)
(/usr/local/texlive/2024/texmf-dist/tex/latex/graphics/rotating.sty
Package: rotating 2016/08/11 v2.16d rotated objects in LaTeX
\c@r@tfl@t=\count370
\rotFPtop=\skip71
\rotFPbot=\skip72
\rot@float@box=\box147
\rot@mess@toks=\toks51
)
(/usr/local/texlive/2024/texmf-dist/tex/latex/enumitem/enumitem.sty
Package: enumitem 2019/06/20 v3.9 Customized lists
\labelindent=\skip73
\enit@outerparindent=\dimen305
\enit@toks=\toks52
\enit@inbox=\box148
\enit@count@id=\count371
\enitdp@description=\count372
)
\enitdp@referencelist=\count373
\dlititlewidth=\skip74
\dlimaxnarrowtitle=\skip75
\dlimaxmediumtitle=\skip76
\egindent=\skip77
\exggap=\skip78

(/usr/local/texlive/2024/texmf-dist/tex/latex/imakeidx/imakeidx.sty
Package: imakeidx 2016/10/15 v1.3e Package for typesetting indices in a synchro
nous mode
)
\sample-article@idxfile=\write5
\openout5 = `sample-article.idx'.


Writing index file sample-article.idx
(/usr/local/texlive/2024/texmf-dist/tex/latex/tools/longtable.sty
Package: longtable 2024-04-26 v4.20 Multi-page Table package (DPC)
\LTleft=\skip79
\LTright=\skip80
\LTpre=\skip81
\LTpost=\skip82
\LTchunksize=\count374
\LTcapwidth=\dimen306
\LT@head=\box149
\LT@firsthead=\box150
\LT@foot=\box151
\LT@lastfoot=\box152
\LT@gbox=\box153
\LT@cols=\count375
\LT@rows=\count376
\c@LT@tables=\count377
\c@LT@chunks=\count378
\LT@p@ftn=\toks53
)
(/usr/local/texlive/2024/texmf-dist/tex/latex/hyperref/hyperref.sty
Package: hyperref 2024-07-10 v7.01j Hypertext links for LaTeX

(/usr/local/texlive/2024/texmf-dist/tex/latex/kvsetkeys/kvsetkeys.sty
Package: kvsetkeys 2022-10-05 v1.19 Key value parser (HO)
)
(/usr/local/texlive/2024/texmf-dist/tex/generic/kvdefinekeys/kvdefinekeys.sty
Package: kvdefinekeys 2019-12-19 v1.6 Define keys (HO)
)
(/usr/local/texlive/2024/texmf-dist/tex/generic/pdfescape/pdfescape.sty
Package: pdfescape 2019/12/09 v1.15 Implements pdfTeX's escape features (HO)
)
(/usr/local/texlive/2024/texmf-dist/tex/latex/hycolor/hycolor.sty
Package: hycolor 2020-01-27 v1.10 Color options for hyperref/bookmark (HO)
)
(/usr/local/texlive/2024/texmf-dist/tex/latex/hyperref/nameref.sty
Package: nameref 2023-11-26 v2.56 Cross-referencing by name of section

(/usr/local/texlive/2024/texmf-dist/tex/latex/refcount/refcount.sty
Package: refcount 2019/12/15 v3.6 Data extraction from label references (HO)
)
(/usr/local/texlive/2024/texmf-dist/tex/generic/gettitlestring/gettitlestring.s
ty
Package: gettitlestring 2019/12/15 v1.6 Cleanup title references (HO)
 (/usr/local/texlive/2024/texmf-dist/tex/latex/kvoptions/kvoptions.sty
Package: kvoptions 2022-06-15 v3.15 Key value format for package options (HO)
))
\c@section@level=\count379
)
(/usr/local/texlive/2024/texmf-dist/tex/generic/stringenc/stringenc.sty
Package: stringenc 2019/11/29 v1.12 Convert strings between diff. encodings (HO
)
)
\@linkdim=\dimen307
\Hy@linkcounter=\count380
\Hy@pagecounter=\count381

(/usr/local/texlive/2024/texmf-dist/tex/latex/hyperref/pd1enc.def
File: pd1enc.def 2024-07-10 v7.01j Hyperref: PDFDocEncoding definition (HO)
)
(/usr/local/texlive/2024/texmf-dist/tex/generic/intcalc/intcalc.sty
Package: intcalc 2019/12/15 v1.3 Expandable calculations with integers (HO)
)
\Hy@SavedSpaceFactor=\count382

(/usr/local/texlive/2024/texmf-dist/tex/latex/hyperref/puenc.def
File: puenc.def 2024-07-10 v7.01j Hyperref: PDF Unicode definition (HO)
)
Package hyperref Info: Option `hyperfootnotes' set `false' on input line 4040.
Package hyperref Info: Hyper figures OFF on input line 4157.
Package hyperref Info: Link nesting OFF on input line 4162.
Package hyperref Info: Hyper index ON on input line 4165.
Package hyperref Info: Plain pages OFF on input line 4172.
Package hyperref Info: Backreferencing OFF on input line 4177.
Package hyperref Info: Implicit mode ON; LaTeX internals redefined.
Package hyperref Info: Bookmarks ON on input line 4424.
\c@Hy@tempcnt=\count383

(/usr/local/texlive/2024/texmf-dist/tex/latex/url/url.sty
\Urlmuskip=\muskip18
Package: url 2013/09/16  ver 3.4  Verb mode for urls, etc.
)
LaTeX Info: Redefining \url on input line 4763.
\XeTeXLinkMargin=\dimen308

(/usr/local/texlive/2024/texmf-dist/tex/generic/bitset/bitset.sty
Package: bitset 2019/12/09 v1.3 Handle bit-vector datatype (HO)

(/usr/local/texlive/2024/texmf-dist/tex/generic/bigintcalc/bigintcalc.sty
Package: bigintcalc 2019/12/15 v1.5 Expandable calculations on big integers (HO
)
))
\Fld@menulength=\count384
\Field@Width=\dimen309
\Fld@charsize=\dimen310
Package hyperref Info: Hyper figures OFF on input line 6042.
Package hyperref Info: Link nesting OFF on input line 6047.
Package hyperref Info: Hyper index ON on input line 6050.
Package hyperref Info: backreferencing OFF on input line 6057.
Package hyperref Info: Link coloring OFF on input line 6062.
Package hyperref Info: Link coloring with OCG OFF on input line 6067.
Package hyperref Info: PDF/A mode OFF on input line 6072.

(/usr/local/texlive/2024/texmf-dist/tex/latex/base/atbegshi-ltx.sty
Package: atbegshi-ltx 2021/01/10 v1.0c Emulation of the original atbegshi
package with kernel methods
)
\Hy@abspage=\count385
\c@Item=\count386
)
Package hyperref Info: Driver (autodetected): hxetex.

(/usr/local/texlive/2024/texmf-dist/tex/latex/hyperref/hxetex.def
File: hxetex.def 2024-07-10 v7.01j Hyperref driver for XeTeX
\pdfm@box=\box154
\c@Hy@AnnotLevel=\count387
\HyField@AnnotCount=\count388
\Fld@listcount=\count389
\c@bookmark@seq@number=\count390

(/usr/local/texlive/2024/texmf-dist/tex/latex/rerunfilecheck/rerunfilecheck.sty
Package: rerunfilecheck 2022-07-10 v1.10 Rerun checks for auxiliary files (HO)
(/usr/local/texlive/2024/texmf-dist/tex/latex/base/atveryend-ltx.sty
Package: atveryend-ltx 2020/08/19 v1.0a Emulation of the original atveryend pac
kage
with kernel methods
)
(/usr/local/texlive/2024/texmf-dist/tex/generic/uniquecounter/uniquecounter.sty
Package: uniquecounter 2019/12/15 v1.4 Provide unlimited unique counter (HO)
)
Package uniquecounter Info: New unique counter `rerunfilecheck' on input line 2
85.
)
\Hy@SectionHShift=\skip83
)
Package hyperref Info: Option `colorlinks' set `true' on input line 1157.
Package hyperref Info: Option `hypertexnames' set `false' on input line 1160.
\c@tcb@cnt@block=\count391
\c@tcb@cnt@project-distinct=\count392
\c@tcb@cnt@subdisplay=\count393
 (/usr/local/texlive/2024/texmf-dist/tex/latex/pgfplots/pgfplots.sty
(/usr/local/texlive/2024/texmf-dist/tex/generic/pgfplots/pgfplots.revision.tex)
Package: pgfplots 2021/05/15 v1.18.1 Data Visualization (1.18.1)
(/usr/local/texlive/2024/texmf-dist/tex/generic/pgfplots/pgfplots.code.tex
(/usr/local/texlive/2024/texmf-dist/tex/generic/pgfplots/pgfplotscore.code.tex
\t@pgfplots@toka=\toks54
\t@pgfplots@tokb=\toks55
\t@pgfplots@tokc=\toks56
\pgfplots@tmpa=\dimen311
\c@pgfplots@coordindex=\count394
\c@pgfplots@scanlineindex=\count395

(/usr/local/texlive/2024/texmf-dist/tex/generic/pgfplots/sys/pgfplotssysgeneric
.code.tex))
(/usr/local/texlive/2024/texmf-dist/tex/generic/pgfplots/libs/pgfplotslibrary.c
ode.tex)
(/usr/local/texlive/2024/texmf-dist/tex/generic/pgfplots/oldpgfcompatib/pgfplot
soldpgfsupp_loader.code.tex
(/usr/local/texlive/2024/texmf-dist/tex/generic/pgf/libraries/pgflibraryfpu.cod
e.tex)
Package pgfplots: loading complementary utilities for your pgf version...
\t@pgf@toka=\toks57
\t@pgf@tokb=\toks58
\t@pgf@tokc=\toks59

(/usr/local/texlive/2024/texmf-dist/tex/generic/pgfplots/oldpgfcompatib/pgfplot
soldpgfsupp_pgfutil-common-lists.tex))
(/usr/local/texlive/2024/texmf-dist/tex/generic/pgfplots/util/pgfplotsutil.code
.tex
(/usr/local/texlive/2024/texmf-dist/tex/generic/pgfplots/liststructure/pgfplots
liststructure.code.tex)
(/usr/local/texlive/2024/texmf-dist/tex/generic/pgfplots/liststructure/pgfplots
liststructureext.code.tex)
(/usr/local/texlive/2024/texmf-dist/tex/generic/pgfplots/liststructure/pgfplots
array.code.tex
\c@pgfplotsarray@tmp=\count396
)
(/usr/local/texlive/2024/texmf-dist/tex/generic/pgfplots/liststructure/pgfplots
matrix.code.tex)
(/usr/local/texlive/2024/texmf-dist/tex/generic/pgfplots/numtable/pgfplotstable
shared.code.tex
\c@pgfplotstable@counta=\count397
\t@pgfplotstable@a=\toks60
)
(/usr/local/texlive/2024/texmf-dist/tex/generic/pgfplots/liststructure/pgfplots
deque.code.tex)
(/usr/local/texlive/2024/texmf-dist/tex/generic/pgfplots/util/pgfplotsbinary.co
de.tex
(/usr/local/texlive/2024/texmf-dist/tex/generic/pgfplots/util/pgfplotsbinary.da
ta.code.tex))
(/usr/local/texlive/2024/texmf-dist/tex/generic/pgfplots/util/pgfplotsutil.verb
.code.tex)
(/usr/local/texlive/2024/texmf-dist/tex/generic/pgfplots/libs/pgflibrarypgfplot
s.surfshading.code.tex
\c@pgfplotslibrarysurf@no=\count398

(/usr/local/texlive/2024/texmf-dist/tex/generic/pgfplots/sys/pgflibrarypgfplots
.surfshading.pgfsys-xetex.def
(/usr/local/texlive/2024/texmf-dist/tex/generic/pgfplots/sys/pgflibrarypgfplots
.surfshading.pgfsys-dvipdfmx.def
\c@pgfplotslibrarysurf@streamlen=\count399
))))
(/usr/local/texlive/2024/texmf-dist/tex/generic/pgfplots/util/pgfplotscolormap.
code.tex
(/usr/local/texlive/2024/texmf-dist/tex/generic/pgfplots/util/pgfplotscolor.cod
e.tex))
(/usr/local/texlive/2024/texmf-dist/tex/generic/pgfplots/pgfplotsstackedplots.c
ode.tex)
(/usr/local/texlive/2024/texmf-dist/tex/generic/pgfplots/pgfplotsplothandlers.c
ode.tex
(/usr/local/texlive/2024/texmf-dist/tex/generic/pgfplots/pgfplotsmeshplothandle
r.code.tex
(/usr/local/texlive/2024/texmf-dist/tex/generic/pgfplots/pgfplotsmeshplotimage.
code.tex)))
(/usr/local/texlive/2024/texmf-dist/tex/generic/pgfplots/pgfplots.scaling.code.
tex)
(/usr/local/texlive/2024/texmf-dist/tex/generic/pgfplots/pgfplotscoordprocessin
g.code.tex)
(/usr/local/texlive/2024/texmf-dist/tex/generic/pgfplots/pgfplots.errorbars.cod
e.tex)
(/usr/local/texlive/2024/texmf-dist/tex/generic/pgfplots/pgfplots.markers.code.
tex)
(/usr/local/texlive/2024/texmf-dist/tex/generic/pgfplots/pgfplotsticks.code.tex
)
(/usr/local/texlive/2024/texmf-dist/tex/generic/pgfplots/pgfplots.paths.code.te
x)
(/usr/local/texlive/2024/texmf-dist/tex/generic/pgf/frontendlayer/tikz/librarie
s/tikzlibrarydecorations.code.tex
(/usr/local/texlive/2024/texmf-dist/tex/generic/pgf/modules/pgfmoduledecoration
s.code.tex
\pgfdecoratedcompleteddistance=\dimen312
\pgfdecoratedremainingdistance=\dimen313
\pgfdecoratedinputsegmentcompleteddistance=\dimen314
\pgfdecoratedinputsegmentremainingdistance=\dimen315
\pgf@decorate@distancetomove=\dimen316
\pgf@decorate@repeatstate=\count400
\pgfdecorationsegmentamplitude=\dimen317
\pgfdecorationsegmentlength=\dimen318
)
\tikz@lib@dec@box=\box155
)
(/usr/local/texlive/2024/texmf-dist/tex/generic/pgf/frontendlayer/tikz/librarie
s/tikzlibrarydecorations.pathmorphing.code.tex
(/usr/local/texlive/2024/texmf-dist/tex/generic/pgf/libraries/decorations/pgfli
brarydecorations.pathmorphing.code.tex))
(/usr/local/texlive/2024/texmf-dist/tex/generic/pgf/frontendlayer/tikz/librarie
s/tikzlibrarydecorations.pathreplacing.code.tex
(/usr/local/texlive/2024/texmf-dist/tex/generic/pgf/libraries/decorations/pgfli
brarydecorations.pathreplacing.code.tex))
(/usr/local/texlive/2024/texmf-dist/tex/generic/pgfplots/libs/tikzlibrarypgfplo
ts.contourlua.code.tex)
\pgfplots@numplots=\count401
\pgfplots@xmin@reg=\dimen319
\pgfplots@xmax@reg=\dimen320
\pgfplots@ymin@reg=\dimen321
\pgfplots@ymax@reg=\dimen322
\pgfplots@zmin@reg=\dimen323
\pgfplots@zmax@reg=\dimen324
)
(/usr/local/texlive/2024/texmf-dist/tex/generic/pgf/frontendlayer/tikz/librarie
s/tikzlibraryplotmarks.code.tex
File: tikzlibraryplotmarks.code.tex 2023-01-15 v3.1.10 (3.1.10)

(/usr/local/texlive/2024/texmf-dist/tex/generic/pgf/libraries/pgflibraryplotmar
ks.code.tex
File: pgflibraryplotmarks.code.tex 2023-01-15 v3.1.10 (3.1.10)
)))
(/usr/local/texlive/2024/texmf-dist/tex/latex/smartdiagram/smartdiagram.sty
Package: smartdiagram 2016/12/23 v0.3b Automatic creation of smart diagrams fro
m lists of items.

(/usr/local/texlive/2024/texmf-dist/tex/generic/pgf/frontendlayer/tikz/librarie
s/tikzlibrarybackgrounds.code.tex
File: tikzlibrarybackgrounds.code.tex 2023-01-15 v3.1.10 (3.1.10)
\pgf@layerbox@background=\box156
\pgf@layerboxsaved@background=\box157
)
(/usr/local/texlive/2024/texmf-dist/tex/generic/pgf/frontendlayer/tikz/librarie
s/tikzlibraryfadings.code.tex
File: tikzlibraryfadings.code.tex 2023-01-15 v3.1.10 (3.1.10)

(/usr/local/texlive/2024/texmf-dist/tex/generic/pgf/libraries/pgflibraryfadings
.code.tex
File: pgflibraryfadings.code.tex 2023-01-15 v3.1.10 (3.1.10)
))
(/usr/local/texlive/2024/texmf-dist/tex/generic/pgf/frontendlayer/tikz/librarie
s/tikzlibraryshadows.code.tex
File: tikzlibraryshadows.code.tex 2023-01-15 v3.1.10 (3.1.10)
)
(/usr/local/texlive/2024/texmf-dist/tex/generic/pgf/frontendlayer/tikz/librarie
s/tikzlibraryshapes.arrows.code.tex
File: tikzlibraryshapes.arrows.code.tex 2023-01-15 v3.1.10 (3.1.10)

(/usr/local/texlive/2024/texmf-dist/tex/generic/pgf/libraries/shapes/pgflibrary
shapes.arrows.code.tex
File: pgflibraryshapes.arrows.code.tex 2023-01-15 v3.1.10 (3.1.10)
))
(/usr/local/texlive/2024/texmf-dist/tex/generic/pgf/frontendlayer/tikz/librarie
s/tikzlibraryshapes.symbols.code.tex
File: tikzlibraryshapes.symbols.code.tex 2023-01-15 v3.1.10 (3.1.10)

(/usr/local/texlive/2024/texmf-dist/tex/generic/pgf/libraries/shapes/pgflibrary
shapes.symbols.code.tex
File: pgflibraryshapes.symbols.code.tex 2023-01-15 v3.1.10 (3.1.10)
))
\pgf@layerbox@smart diagram arrow back=\box158
\pgf@layerboxsaved@smart diagram arrow back=\box159

(/usr/local/texlive/2024/texmf-dist/tex/latex/smartdiagram/smartdiagramlibraryc
ore.definitions.code.tex)
(/usr/local/texlive/2024/texmf-dist/tex/latex/smartdiagram/smartdiagramlibraryc
ore.styles.code.tex)
(/usr/local/texlive/2024/texmf-dist/tex/latex/smartdiagram/smartdiagramlibraryc
ore.commands.code.tex))
(/usr/local/texlive/2024/texmf-dist/tex/generic/pgf/frontendlayer/tikz/librarie
s/tikzlibraryarrows.code.tex
File: tikzlibraryarrows.code.tex 2023-01-15 v3.1.10 (3.1.10)

(/usr/local/texlive/2024/texmf-dist/tex/generic/pgf/libraries/pgflibraryarrows.
code.tex
File: pgflibraryarrows.code.tex 2023-01-15 v3.1.10 (3.1.10)
\arrowsize=\dimen325
))
(/usr/local/texlive/2024/texmf-dist/tex/generic/pgf/frontendlayer/tikz/librarie
s/tikzlibrarymatrix.code.tex
File: tikzlibrarymatrix.code.tex 2023-01-15 v3.1.10 (3.1.10)
)
(/usr/local/texlive/2024/texmf-dist/tex/generic/pgf/frontendlayer/tikz/librarie
s/tikzlibrarypositioning.code.tex
File: tikzlibrarypositioning.code.tex 2023-01-15 v3.1.10 (3.1.10)
)
(/usr/local/texlive/2024/texmf-dist/tex/latex/circuitikz/circuitikz.sty
Package: circuitikz 2024/08/03{} The CircuiTikz circuit drawing package version
 1.7.0

(/usr/local/texlive/2024/texmf-dist/tex/generic/pgf/libraries/pgflibraryarrows.
meta.code.tex
File: pgflibraryarrows.meta.code.tex 2023-01-15 v3.1.10 (3.1.10)
\pgfarrowinset=\dimen326
\pgfarrowlength=\dimen327
\pgfarrowwidth=\dimen328
\pgfarrowlinewidth=\dimen329
)
(/usr/local/texlive/2024/texmf-dist/tex/generic/pgf/frontendlayer/tikz/librarie
s/tikzlibrarybending.code.tex
File: tikzlibrarybending.code.tex 2023-01-15 v3.1.10 (3.1.10)

(/usr/local/texlive/2024/texmf-dist/tex/generic/pgf/modules/pgfmodulebending.co
de.tex
File: pgfmodulebending.code.tex 2023-01-15 v3.1.10 (3.1.10)

(/usr/local/texlive/2024/texmf-dist/tex/generic/pgf/modules/pgfmodulenonlineart
ransformations.code.tex
File: pgfmodulenonlineartransformations.code.tex 2023-01-15 v3.1.10 (3.1.10)
\pgftransformnonlinearflatness=\dimen330
)
(/usr/local/texlive/2024/texmf-dist/tex/generic/pgf/libraries/pgflibrarycurvili
near.code.tex
File: pgflibrarycurvilinear.code.tex 2023-01-15 v3.1.10 (3.1.10)
\pgf@curvilinear@time@a=\dimen331
\pgf@curvilinear@length@a=\dimen332
\pgf@curvilinear@length@b=\dimen333
\pgf@curvilinear@length@c=\dimen334
\pgf@curvilinear@length@d=\dimen335
)
\pgf@arrows@the@rigidity=\dimen336
))
(/usr/local/texlive/2024/texmf-dist/tex/generic/pgf/frontendlayer/tikz/librarie
s/tikzlibraryfpu.code.tex)
(/usr/local/texlive/2024/texmf-dist/tex/generic/circuitikz/pgfcirc.defines.tex
\pgf@circ@count@a=\count402
\pgf@circ@count@b=\count403
\pgf@circ@count@c=\count404
\pgf@circ@res@up=\dimen337
\pgf@circ@res@down=\dimen338
\pgf@circ@res@zero=\dimen339
\pgf@circ@res@left=\dimen340
\pgf@circ@res@right=\dimen341
\pgf@circ@res@other=\dimen342
\pgf@circ@res@step=\dimen343
\pgf@circ@res@temp=\dimen344
\pgf@circ@Rlen=\dimen345
\pgf@circ@scaled@Rlen=\dimen346
\pgfstartlinewidth=\dimen347
) (/usr/local/texlive/2024/texmf-dist/tex/generic/circuitikz/pgfcircutils.tex
\ctikz@scratchbox=\box160
)
(/usr/local/texlive/2024/texmf-dist/tex/generic/circuitikz/pgfcircpath.tex)
(/usr/local/texlive/2024/texmf-dist/tex/generic/circuitikz/pgfcircshapes.tex)
(/usr/local/texlive/2024/texmf-dist/tex/generic/circuitikz/pgfcircmonopoles.tex
) (/usr/local/texlive/2024/texmf-dist/tex/generic/circuitikz/pgfcircbipoles.tex
)
(/usr/local/texlive/2024/texmf-dist/tex/generic/circuitikz/pgfcirctripoles.tex
\pgf@circ@res@count=\count405
)
(/usr/local/texlive/2024/texmf-dist/tex/generic/circuitikz/pgfcircquadpoles.tex
)
(/usr/local/texlive/2024/texmf-dist/tex/generic/circuitikz/pgfcircmultipoles.te
x) (/usr/local/texlive/2024/texmf-dist/tex/generic/circuitikz/pgfcirclabel.tex)
(/usr/local/texlive/2024/texmf-dist/tex/generic/circuitikz/pgfcircvoltage.tex
\pgfcirc@labelshift=\dimen348
)
(/usr/local/texlive/2024/texmf-dist/tex/generic/circuitikz/pgfcirccurrent.tex)
(/usr/local/texlive/2024/texmf-dist/tex/generic/circuitikz/pgfcircflow.tex))
(/usr/local/texlive/2024/texmf-dist/tex/latex/nicematrix/nicematrix.sty
Package: nicematrix 2024/08/22 v6.28c Enhanced arrays with the help of PGF/TikZ

\g__nicematrix_env_int=\count406
\g__nicematrix_NiceMatrixBlock_int=\count407
\g__nicematrix_notes_caption_int=\count408
\l__nicematrix_columns_width_dim=\dimen349
\l__nicematrix_col_width_dim=\dimen350
\g__nicematrix_row_total_int=\count409
\g__nicematrix_col_total_int=\count410
\g__nicematrix_last_row_node_int=\count411
\l__nicematrix_key_nb_rows_int=\count412
\g__nicematrix_blocks_wd_dim=\dimen351
\g__nicematrix_blocks_ht_dim=\dimen352
\g__nicematrix_blocks_dp_dim=\dimen353
\l__nicematrix_width_dim=\dimen354
\l__nicematrix_tabular_width_dim=\dimen355
\l__nicematrix_rule_width_dim=\dimen356
\l__nicematrix_old_iRow_int=\count413
\l__nicematrix_old_jCol_int=\count414
\g__nicematrix_total_X_weight_int=\count415
\l__nicematrix_X_columns_dim=\dimen357
\l__nicematrix_x_initial_dim=\dimen358
\l__nicematrix_y_initial_dim=\dimen359
\l__nicematrix_x_final_dim=\dimen360
\l__nicematrix_y_final_dim=\dimen361
\l__nicematrix_tmpc_dim=\dimen362
\l__nicematrix_tmpd_dim=\dimen363
\g__nicematrix_dp_row_zero_dim=\dimen364
\g__nicematrix_ht_row_zero_dim=\dimen365
\g__nicematrix_ht_row_one_dim=\dimen366
\g__nicematrix_dp_ante_last_row_dim=\dimen367
\g__nicematrix_ht_last_row_dim=\dimen368
\g__nicematrix_dp_last_row_dim=\dimen369
\g__nicematrix_width_last_col_dim=\dimen370
\g__nicematrix_width_first_col_dim=\dimen371
\l__nicematrix_row_min_int=\count416
\l__nicematrix_row_max_int=\count417
\l__nicematrix_col_min_int=\count418
\l__nicematrix_col_max_int=\count419
\l__nicematrix_start_int=\count420
\l__nicematrix_end_int=\count421
\l__nicematrix_local_start_int=\count422
\l__nicematrix_local_end_int=\count423
\g__nicematrix_static_num_of_col_int=\count424
\l__nicematrix_rounded_corners_dim=\dimen372
\l__nicematrix_tab_rounded_corners_dim=\dimen373
\l__nicematrix_offset_dim=\dimen374
\l__nicematrix_line_width_dim=\dimen375
\g__nicematrix_block_box_int=\count425
\l__nicematrix_submatrix_extra_height_dim=\dimen376
\l__nicematrix_submatrix_left_xshift_dim=\dimen377
\l__nicematrix_submatrix_right_xshift_dim=\dimen378
\l__nicematrix_first_row_int=\count426
\l__nicematrix_first_col_int=\count427
\l__nicematrix_last_row_int=\count428
\l__nicematrix_last_col_int=\count429
\c@tabularnote=\count430
\g__nicematrix_tabularnote_int=\count431
\c@nicematrix_draft=\count432
\l__nicematrix_cell_space_top_limit_dim=\dimen379
\l__nicematrix_cell_space_bottom_limit_dim=\dimen380
\l__nicematrix_xdots_inter_dim=\dimen381
\l__nicematrix_xdots_shorten_start_dim=\dimen382
\l__nicematrix_xdots_shorten_end_dim=\dimen383
\l__nicematrix_xdots_radius_dim=\dimen384
\l__nicematrix_notes_above_space_dim=\dimen385
\l__nicematrix_left_margin_dim=\dimen386
\l__nicematrix_right_margin_dim=\dimen387
\l__nicematrix_extra_left_margin_dim=\dimen388
\l__nicematrix_extra_right_margin_dim=\dimen389
\c__nicematrix_max_l_dim=\dimen390
\l__nicematrix_position_int=\count433
\l__nicematrix_multiplicity_int=\count434
\l__nicematrix_brace_yshift_dim=\dimen391
)
(/usr/local/texlive/2024/texmf-dist/tex/latex/menukeys/menukeys.sty
Package: menukeys 2022/07/01 v1.6.2 -- A package to format menus, paths and sho
rtcuts

(/usr/local/texlive/2024/texmf-dist/tex/latex/adjustbox/adjustbox.sty
Package: adjustbox 2022/10/17 v1.3a Adjusting TeX boxes (trim, clip, ...)

(/usr/local/texlive/2024/texmf-dist/tex/latex/adjustbox/adjcalc.sty
Package: adjcalc 2012/05/16 v1.1 Provides advanced setlength with multiple back
-ends (calc, etex, pgfmath)
)
(/usr/local/texlive/2024/texmf-dist/tex/latex/adjustbox/trimclip.sty
Package: trimclip 2020/08/19 v1.2 Trim and clip general TeX material

(/usr/local/texlive/2024/texmf-dist/tex/latex/collectbox/collectbox.sty
Package: collectbox 2022/10/17 v0.4c Collect macro arguments as boxes
\collectedbox=\box161
)
\tc@llx=\dimen392
\tc@lly=\dimen393
\tc@urx=\dimen394
\tc@ury=\dimen395
Package trimclip Info: Using driver 'tc-xetex.def'.

(/usr/local/texlive/2024/texmf-dist/tex/latex/adjustbox/tc-xetex.def
File: tc-xetex.def 2019/01/04 v2.2 Clipping driver for xetex
))
\adjbox@Width=\dimen396
\adjbox@Height=\dimen397
\adjbox@Depth=\dimen398
\adjbox@Totalheight=\dimen399
\adjbox@pwidth=\dimen400
\adjbox@pheight=\dimen401
\adjbox@pdepth=\dimen402
\adjbox@ptotalheight=\dimen403

(/usr/local/texlive/2024/texmf-dist/tex/latex/ifoddpage/ifoddpage.sty
Package: ifoddpage 2022/10/18 v1.2 Conditionals for odd/even page detection
\c@checkoddpage=\count435
)
(/usr/local/texlive/2024/texmf-dist/tex/latex/varwidth/varwidth.sty
Package: varwidth 2009/03/30 ver 0.92;  Variable-width minipages
\@vwid@box=\box162
\sift@deathcycles=\count436
\@vwid@loff=\dimen404
\@vwid@roff=\dimen405
))
(/usr/local/texlive/2024/texmf-dist/tex/latex/relsize/relsize.sty
Package: relsize 2013/03/29 ver 4.1
)
\l__twmk_indris_int=\count437
\c@tw@hyphen@char@num=\count438
)
(/usr/local/texlive/2024/texmf-dist/tex/latex/cancel/cancel.sty
Package: cancel 2013/04/12 v2.2 Cancel math terms
)
(/usr/local/texlive/2024/texmf-dist/tex/latex/xfrac/xfrac.sty
Package: xfrac 2024-06-04 Split-level fractions
\l__xfrac_slash_box=\box163
\l__xfrac_tmp_box=\box164
\l__xfrac_denominator_bot_sep_dim=\dimen406
\l__xfrac_numerator_bot_sep_dim=\dimen407
\l__xfrac_numerator_top_sep_dim=\dimen408
\l__xfrac_slash_left_sep_dim=\dimen409
\l__xfrac_slash_right_sep_dim=\dimen410
\l__xfrac_slash_left_muskip=\muskip19
\l__xfrac_slash_right_muskip=\muskip20

LaTeX template Info: Declaring template type 'xfrac' taking 3 argument(s) on
(template)           line 100.


LaTeX template Info: Declaring instance 'cmr' of type xfrac on line 392.


LaTeX template Info: Declaring instance 'cmss' of type xfrac on line 392.


LaTeX template Info: Declaring instance 'cmtt' of type xfrac on line 392.

)
(/usr/local/texlive/2024/texmf-dist/tex/latex/extpfeil/extpfeil.sty
Package: extpfeil 2009/10/31 v0.4 Extensible Pfeile (PE)

(/usr/local/texlive/2024/texmf-dist/tex/latex/mathtools/mathtools.sty
Package: mathtools 2024/03/11 v1.30 mathematical typesetting tools

(/usr/local/texlive/2024/texmf-dist/tex/latex/tools/calc.sty
Package: calc 2023/07/08 v4.3 Infix arithmetic (KKT,FJ)
\calc@Acount=\count439
\calc@Bcount=\count440
\calc@Adimen=\dimen411
\calc@Bdimen=\dimen412
\calc@Askip=\skip84
\calc@Bskip=\skip85
LaTeX Info: Redefining \setlength on input line 80.
LaTeX Info: Redefining \addtolength on input line 81.
\calc@Ccount=\count441
\calc@Cskip=\skip86
)
(/usr/local/texlive/2024/texmf-dist/tex/latex/mathtools/mhsetup.sty
Package: mhsetup 2021/03/18 v1.4 programming setup (MH)
)
\g_MT_multlinerow_int=\count442
\l_MT_multwidth_dim=\dimen413
\origjot=\skip87
\l_MT_shortvdotswithinadjustabove_dim=\dimen414
\l_MT_shortvdotswithinadjustbelow_dim=\dimen415
\l_MT_above_intertext_sep=\dimen416
\l_MT_below_intertext_sep=\dimen417
\l_MT_above_shortintertext_sep=\dimen418
\l_MT_below_shortintertext_sep=\dimen419
\xmathstrut@box=\box165
\xmathstrut@dim=\dimen420
)
(/usr/local/texlive/2024/texmf-dist/tex/latex/stmaryrd/stmaryrd.sty
Package: stmaryrd 1994/03/03 St Mary's Road symbol package
\symstmry=\mathgroup6
LaTeX Font Info:    Overwriting symbol font `stmry' in version `bold'
(Font)                  U/stmry/m/n --> U/stmry/b/n on input line 89.
))
(./sample-article.aux)
Runaway argument?
{{10.13 
! File ended while scanning use of \@newl@bel.
<inserted text> 
                \par 
l.1518 \begin{document}
                       
? 
\openout1 = `sample-article.aux'.

LaTeX Font Info:    Checking defaults for OML/cmm/m/it on input line 1518.
LaTeX Font Info:    ... okay on input line 1518.
LaTeX Font Info:    Checking defaults for OMS/cmsy/m/n on input line 1518.
LaTeX Font Info:    ... okay on input line 1518.
LaTeX Font Info:    Checking defaults for OT1/cmr/m/n on input line 1518.
LaTeX Font Info:    ... okay on input line 1518.
LaTeX Font Info:    Checking defaults for T1/cmr/m/n on input line 1518.
LaTeX Font Info:    ... okay on input line 1518.
LaTeX Font Info:    Checking defaults for TS1/cmr/m/n on input line 1518.
LaTeX Font Info:    Trying to load font information for TS1+cmr on input line 1
518.
(/usr/local/texlive/2024/texmf-dist/tex/latex/base/ts1cmr.fd
File: ts1cmr.fd 2023/04/13 v2.5m Standard LaTeX font definitions
)
LaTeX Font Info:    ... okay on input line 1518.
LaTeX Font Info:    Checking defaults for TU/lmr/m/n on input line 1518.
LaTeX Font Info:    ... okay on input line 1518.
LaTeX Font Info:    Checking defaults for OMX/cmex/m/n on input line 1518.
LaTeX Font Info:    ... okay on input line 1518.
LaTeX Font Info:    Checking defaults for U/cmr/m/n on input line 1518.
LaTeX Font Info:    ... okay on input line 1518.
LaTeX Font Info:    Checking defaults for PD1/pdf/m/n on input line 1518.
LaTeX Font Info:    ... okay on input line 1518.
LaTeX Font Info:    Checking defaults for PU/pdf/m/n on input line 1518.
LaTeX Font Info:    ... okay on input line 1518.

*geometry* driver: auto-detecting
*geometry* detected driver: xetex
*geometry* verbose mode - [ preamble ] result:
* driver: xetex
* paper: letterpaper
* layout: <same size as paper>
* layoutoffset:(h,v)=(0.0pt,0.0pt)
* modes: twoside 
* h-part:(L,W,R)=(109.71799pt, 340.0pt, 164.57701pt)
* v-part:(T,H,B)=(57.81598pt, 650.43pt, 86.72401pt)
* \paperwidth=614.295pt
* \paperheight=794.96999pt
* \textwidth=340.0pt
* \textheight=650.43pt
* \oddsidemargin=37.448pt
* \evensidemargin=92.30702pt
* \topmargin=-51.45401pt
* \headheight=12.0pt
* \headsep=25.0pt
* \topskip=10.0pt
* \footskip=30.0pt
* \marginparwidth=121.0pt
* \marginparsep=11.0pt
* \columnsep=10.0pt
* \skip\footins=9.0pt plus 4.0pt minus 2.0pt
* \hoffset=0.0pt
* \voffset=0.0pt
* \mag=1000
* \@twocolumnfalse
* \@twosidetrue
* \@mparswitchtrue
* \@reversemarginfalse
* (1in=72.27pt=25.4mm, 1cm=28.453pt)


Package fontspec Info: 
(fontspec)             Adjusting the maths setup (use [no-math] to avoid
(fontspec)             this).

\symlegacymaths=\mathgroup7
LaTeX Font Info:    Overwriting symbol font `legacymaths' in version `bold'
(Font)                  OT1/cmr/m/n --> OT1/cmr/bx/n on input line 1518.
LaTeX Font Info:    Redeclaring math accent \acute on input line 1518.
LaTeX Font Info:    Redeclaring math accent \grave on input line 1518.
LaTeX Font Info:    Redeclaring math accent \ddot on input line 1518.
LaTeX Font Info:    Redeclaring math accent \tilde on input line 1518.
LaTeX Font Info:    Redeclaring math accent \bar on input line 1518.
LaTeX Font Info:    Redeclaring math accent \breve on input line 1518.
LaTeX Font Info:    Redeclaring math accent \check on input line 1518.
LaTeX Font Info:    Redeclaring math accent \hat on input line 1518.
LaTeX Font Info:    Redeclaring math accent \dot on input line 1518.
LaTeX Font Info:    Redeclaring math accent \mathring on input line 1518.
LaTeX Font Info:    Redeclaring math symbol \Gamma on input line 1518.
LaTeX Font Info:    Redeclaring math symbol \Delta on input line 1518.
LaTeX Font Info:    Redeclaring math symbol \Theta on input line 1518.
LaTeX Font Info:    Redeclaring math symbol \Lambda on input line 1518.
LaTeX Font Info:    Redeclaring math symbol \Xi on input line 1518.
LaTeX Font Info:    Redeclaring math symbol \Pi on input line 1518.
LaTeX Font Info:    Redeclaring math symbol \Sigma on input line 1518.
LaTeX Font Info:    Redeclaring math symbol \Upsilon on input line 1518.
LaTeX Font Info:    Redeclaring math symbol \Phi on input line 1518.
LaTeX Font Info:    Redeclaring math symbol \Psi on input line 1518.
LaTeX Font Info:    Redeclaring math symbol \Omega on input line 1518.
LaTeX Font Info:    Redeclaring math symbol \mathdollar on input line 1518.
LaTeX Font Info:    Redeclaring symbol font `operators' on input line 1518.
LaTeX Font Info:    Encoding `OT1' has changed to `TU' for symbol font
(Font)              `operators' in the math version `normal' on input line 1518
.
LaTeX Font Info:    Overwriting symbol font `operators' in version `normal'
(Font)                  OT1/cmr/m/n --> TU/lmr/m/n on input line 1518.
LaTeX Font Info:    Encoding `OT1' has changed to `TU' for symbol font
(Font)              `operators' in the math version `bold' on input line 1518.
LaTeX Font Info:    Overwriting symbol font `operators' in version `bold'
(Font)                  OT1/cmr/bx/n --> TU/lmr/m/n on input line 1518.
LaTeX Font Info:    Overwriting symbol font `operators' in version `normal'
(Font)                  TU/lmr/m/n --> TU/lmr/m/n on input line 1518.
LaTeX Font Info:    Overwriting math alphabet `\mathit' in version `normal'
(Font)                  OT1/cmr/m/it --> TU/lmr/m/it on input line 1518.
LaTeX Font Info:    Overwriting math alphabet `\mathbf' in version `normal'
(Font)                  OT1/cmr/bx/n --> TU/lmr/b/n on input line 1518.
LaTeX Font Info:    Overwriting math alphabet `\mathsf' in version `normal'
(Font)                  OT1/cmss/m/n --> TU/lmss/m/n on input line 1518.
LaTeX Font Info:    Overwriting math alphabet `\mathtt' in version `normal'
(Font)                  OT1/cmtt/m/n --> TU/Inconsolatazi4-Regular.otf(0)/m/n o
n input line 1518.
LaTeX Font Info:    Overwriting symbol font `operators' in version `bold'
(Font)                  TU/lmr/m/n --> TU/lmr/b/n on input line 1518.
LaTeX Font Info:    Overwriting math alphabet `\mathit' in version `bold'
(Font)                  OT1/cmr/bx/it --> TU/lmr/b/it on input line 1518.
LaTeX Font Info:    Overwriting math alphabet `\mathsf' in version `bold'
(Font)                  OT1/cmss/bx/n --> TU/lmss/b/n on input line 1518.
LaTeX Font Info:    Overwriting math alphabet `\mathtt' in version `bold'
(Font)                  OT1/cmtt/m/n --> TU/Inconsolatazi4-Regular.otf(0)/b/n o
n input line 1518.
(/usr/local/texlive/2024/texmf-dist/tex/latex/upquote/upquote.sty
Package: upquote 2012/04/19 v1.3 upright-quote and grave-accent glyphs in verba
tim
)
LaTeX Info: Redefining \microtypecontext on input line 1518.
Package microtype Info: Applying patch `item' on input line 1518.
Package microtype Info: Applying patch `toc' on input line 1518.
Package microtype Info: Applying patch `eqnum' on input line 1518.
Package microtype Info: Applying patch `footnote' on input line 1518.
Package microtype Info: Applying patch `verbatim' on input line 1518.
Package microtype Info: Character protrusion enabled (level 2).
Package microtype Info: Using default protrusion set `alltext'.
Package microtype Info: No adjustment of tracking.
Package microtype Info: No adjustment of spacing.
Package microtype Info: No adjustment of kerning.

(/usr/local/texlive/2024/texmf-dist/tex/latex/microtype/mt-LatinModernRoman.cfg
File: mt-LatinModernRoman.cfg 2021/02/21 v1.1 microtype config. file: Latin Mod
ern Roman (RS)
)
\c@lstlisting=\count443
Package hyperref Info: Link coloring ON on input line 1518.
 (./sample-article.out)
Runaway argument?
{\376\377\000V\00 
! File ended while scanning use of \@@BOOKMARK.
<inserted text> 
                \par 
l.1518 \begin{document}
                       
? 
(./sample-article.out)
Runaway argument?
{\376\377\000V\00 
! File ended while scanning use of \@@BOOKMARK.
<inserted text> 
                \par 
l.1518 \begin{document}
                       
? 
\@outlinefile=\write6
\openout6 = `sample-article.out'.


Package pgfplots Warning: running in backwards compatibility mode (unsuitable t
ick labels; missing features). Consider writing \pgfplotsset{compat=1.18} into 
your preamble.
 on input line 1518.

\c__nicematrix_shift_Ldots_last_row_dim=\dimen421
\c__nicematrix_shift_exterior_Vdots_dim=\dimen422
\c__nicematrix_innersep_middle_dim=\dimen423
\c@tabularnotesi=\count444
\enitdp@tabularnotes=\count445
\c@tabularnotes*i=\count446
\enitdp@tabularnotes*=\count447
LaTeX Font Info:    Trying to load font information for U+msa on input line 151
8.
(/usr/local/texlive/2024/texmf-dist/tex/latex/amsfonts/umsa.fd
File: umsa.fd 2013/01/14 v3.01 AMS symbols A
)
(/usr/local/texlive/2024/texmf-dist/tex/latex/microtype/mt-msa.cfg
File: mt-msa.cfg 2006/02/04 v1.1 microtype config. file: AMS symbols (a) (RS)
)
LaTeX Font Info:    Trying to load font information for U+msb on input line 151
8.

(/usr/local/texlive/2024/texmf-dist/tex/latex/amsfonts/umsb.fd
File: umsb.fd 2013/01/14 v3.01 AMS symbols B
)
(/usr/local/texlive/2024/texmf-dist/tex/latex/microtype/mt-msb.cfg
File: mt-msb.cfg 2005/06/01 v1.0 microtype config. file: AMS symbols (b) (RS)
)
LaTeX Font Info:    Trying to load font information for U+stmry on input line 1
518.

(/usr/local/texlive/2024/texmf-dist/tex/latex/stmaryrd/Ustmry.fd)
(/usr/local/texlive/2024/texmf-dist/tex/latex/microtype/mt-cmr.cfg
File: mt-cmr.cfg 2013/05/19 v2.2 microtype config. file: Computer Modern Roman 
(RS)
)
Package microtype Info: Loading generic protrusion settings for font family
(microtype)             `Inconsolatazi4-Regular.otf' (encoding: TU).
(microtype)             For optimal results, create family-specific settings.
(microtype)             See the microtype manual for details.

************************************************
Section 1 Introduction
************************************************
************************************************
Section 2 The Fundamental Theorem
************************************************


[1

]
LaTeX Font Info:    Trying to load font information for TS1+Inconsolatazi4-Regu
lar.otf(0) on input line 1569.
LaTeX Font Info:    No file TS1Inconsolatazi4-Regular.otf(0).fd. on input line 
1569.


LaTeX Font Warning: Font shape `TS1/Inconsolatazi4-Regular.otf(0)/m/n' undefine
d
(Font)              using `TS1/cmr/m/n' instead
(Font)              for symbol `textquotesingle' on input line 1569.

************************************************
Section 3 Computing Integrals with Sage (\(\DOTSI \intop \ilimits@ \))
************************************************

Package hyperref Warning: Token not allowed in a PDF string (Unicode):
(hyperref)                removing `math shift' on input line 1591.


Package hyperref Warning: Token not allowed in a PDF string (Unicode):
(hyperref)                removing `\intop' on input line 1591.


Package hyperref Warning: Token not allowed in a PDF string (Unicode):
(hyperref)                removing `\ilimits@' on input line 1591.

\g__tcobox_out_iow=\write7
\openout7 = `sample-article.listing'.

(/usr/local/texlive/2024/texmf-dist/tex/latex/listings/lstlang1.sty
File: lstlang1.sty 2024/09/23 1.10c listings language file
)
(./sample-article.listing)
\openout7 = `sample-article.listing'.

 (./sample-article.listing)
\openout7 = `sample-article.listing'.

 (./sample-article.listing)
\openout7 = `sample-article.listing'.

 (./sample-article.listing)
\openout7 = `sample-article.listing'.

 (./sample-article.listing)
\openout7 = `sample-article.listing'.


(./sample-article.listing)
\openout7 = `sample-article.listing'.

 (./sample-article.listing)

[2]
\openout7 = `sample-article.listing'.

 (./sample-article.listing)
\openout7 = `sample-article.listing'.

 (./sample-article.listing)
\openout7 = `sample-article.listing'.


(./sample-article.listing)
\openout7 = `sample-article.listing'.

 (./sample-article.listing)
\openout7 = `sample-article.listing'.

 (./sample-article.listing)
\openout7 = `sample-article.listing'.

 (./sample-article.listing)
\openout7 = `sample-article.listing'.

 (./sample-article.listing)

[3]
\openout7 = `sample-article.listing'.

 (./sample-article.listing)
\openout7 = `sample-article.listing'.

 (./sample-article.listing

LaTeX Font Warning: Font shape `TU/Inconsolatazi4-Regular.otf(0)/m/it' undefine
d
(Font)              using `TU/Inconsolatazi4-Regular.otf(0)/m/n' instead on inp
ut line 1.

Package microtype Info: Loading generic protrusion settings for font family
(microtype)             `cmtt' (encoding: OT1).
(microtype)             For optimal results, create family-specific settings.
(microtype)             See the microtype manual for details.
)

[4]
\openout7 = `sample-article.listing'.

 (./sample-article.listing)
\openout7 = `sample-article.listing'.

 (./sample-article.listing)
************************************************
Section 4 An Interesting Corollary
************************************************


[5]
************************************************
Subsection 4.1 Second Version of \acronymintitle {FTC}
************************************************
\openout7 = `sample-article.listing'.

(./sample-article.listing)

[6]
\openout7 = `sample-article.listing'.

 (./sample-article.listing)
\openout7 = `sample-article.listing'.

 (./sample-article.listing)
\openout7 = `sample-article.listing'.


(./sample-article.listing)
\openout7 = `sample-article.listing'.

 (./sample-article.listing)
\openout7 = `sample-article.listing'.

 (./sample-article.listing)
\openout7 = `sample-article.listing'.

 (./sample-article.listing)

[7]

[8]
************************************************
Subsection 4.2 A Pedagogical Note about Subsection~{\relax \ref *{subsection-se
cond-FTC}}
************************************************
************************************************
Subsubsection 4.2.1 Symbolic and Numerical Integrals
************************************************


[9]
************************************************
Subsubsection 4.2.2 Advice
************************************************


[10]
Underfull \hbox (badness 5431) in paragraph at lines 2028--2030
\TU/lmr/m/n/10 Other similar possibilities are \TU/Inconsolatazi4-Regular.otf(0
)/m/it/10 <project>[]\TU/lmr/m/n/10 , \TU/Inconsolatazi4-Regular.otf(0)/m/it/10
 <activity>[]\TU/lmr/m/n/10 , \TU/Inconsolatazi4-Regular.otf(0)/m/it/10 <task>[
]\TU/lmr/m/n/10 , and
 []


LaTeX Warning: Hyper reference `rename-facility' on page 11 undefined on input 
line 2031.


LaTeX Warning: Reference `rename-facility' on page 11 undefined on input line 2
031.


LaTeX Font Warning: Font shape `TU/Inconsolatazi4-Regular.otf(0)/m/sl' undefine
d
(Font)              using `TU/Inconsolatazi4-Regular.otf(0)/m/n' instead on inp
ut line 2071.



[11]

[12]

[13]

[14]

[15]

[16]
\openout7 = `sample-article.listing'.

 (./sample-article.listing)
\openout7 = `sample-article.listing'.

 (./sample-article.listing)
LaTeX Font Info:    Font shape `TU/Inconsolatazi4-Regular.otf(0)/bx/n' in size 
<10> not available
(Font)              Font shape `TU/Inconsolatazi4-Regular.otf(0)/b/n' tried ins
tead on input line 2238.

************************************************
Exercises 4.2.3 Exercises
************************************************

Underfull \hbox (badness 1509) in paragraph at lines 2262--2263
[]\TU/lmr/m/n/10 This is a skinny
 []


Underfull \hbox (badness 10000) in paragraph at lines 2262--2263
\TU/lmr/m/n/10 paragraph which
 []


Underfull \hbox (badness 10000) in paragraph at lines 2266--2267
[]\TU/lmr/m/n/10 And another
 []


Underfull \hbox (badness 10000) in paragraph at lines 2266--2267
\TU/lmr/m/n/10 skinny paragraph
 []



[17]
************************************************
Reading Questions 4.2.4 Reading Questions
************************************************
************************************************
Glossary 4.2.5 Glossary
************************************************
************************************************
Solutions 4.2.6 Solutions for This Subsection
************************************************


[18]

[19]

[20]
Underfull \hbox (badness 5345) in paragraph at lines 2426--2427
[]\TU/lmr/m/n/10 This is a skinny
 []


Underfull \hbox (badness 3826) in paragraph at lines 2426--2427
\TU/lmr/m/n/10 be just 30% of the
 []

************************************************
Subsection 4.3 Theorem-Like Environments
************************************************
************************************************
Subsection 4.4 Linking Sage Cells
************************************************

Overfull \hbox (19.0pt too wide) in paragraph at lines 2450--2458
[]\TU/lmr/m/n/10 More precisely, \TU/Inconsolatazi4-Regular.otf(0)/m/sl/10 <the
orem>\TU/lmr/m/n/10 , \TU/Inconsolatazi4-Regular.otf(0)/m/sl/10 <corollary>\TU/
lmr/m/n/10 , \TU/Inconsolatazi4-Regular.otf(0)/m/sl/10 <lemma>\TU/lmr/m/n/10 , 
\TU/Inconsolatazi4-Regular.otf(0)/m/sl/10 <algorithm>\TU/lmr/m/n/10 , \TU/Incon
solatazi4-Regular.otf(0)/m/sl/10 <proposition>\TU/lmr/m/n/10 ,
 []



[21]
\openout7 = `sample-article.listing'.

 (./sample-article.listing)
\openout7 = `sample-article.listing'.

 (./sample-article.listing)
\openout7 = `sample-article.listing'.


(./sample-article.listing)
\openout7 = `sample-article.listing'.

 (./sample-article.listing)
************************************************
Subsection 4.5 Hierarchy
************************************************


[22]
************************************************
Subsection 4.6 Introductions and Conclusions
************************************************
************************************************
Subsubsection 4.6.1 Test One
************************************************
************************************************
Subsubsection 4.6.2 Test Two
************************************************
************************************************
Reading Questions 4.6.2 What Did You Learn?
************************************************


[23]
************************************************
Exercises 4.6.2 Exercises
************************************************
************************************************
Subsubsection 4.6.3 Test Three
************************************************
************************************************
Subsection 4.7 Some Paragraph-Level Markup
************************************************

Overfull \hbox (30.33502pt too wide) in paragraph at lines 2631--2633
[]\TU/lmr/m/n/10 We supply two provisional cross-references for testing purpose
s only: \TU/Inconsolatazi4-Regular.otf(0)/m/sl/10 [provisional
 []


Overfull \hbox (67.722pt too wide) in paragraph at lines 2631--2633
\TU/Inconsolatazi4-Regular.otf(0)/m/sl/10 cross-reference: a first incomplete c
ross-reference]\TU/lmr/m/n/10 , \TU/Inconsolatazi4-Regular.otf(0)/m/sl/10 [prov
isional cross-reference:
 []



[24]
Overfull \hbox (5.89201pt too wide) in paragraph at lines 2636--2647
[]\TU/lmr/m/n/10 This is a cross-reference to one of the outcomes, forced to us
e the \TU/Inconsolatazi4-Regular.otf(0)/m/sl/10 type-global
 []

************************************************
Section 5 Some Facts and Figures
************************************************
File: external/images/cubic-function.png Graphic file (type bmp)
<external/images/cubic-function.png>


[25]

Package multicol Warning: I moved some lines to the next page.
(multicol)                Footnotes on page 26 might be wrong on input line 271
3.

[26]
Underfull \hbox (badness 10000) in paragraph at lines 2717--2718
[]\TU/lmr/m/n/10 Vivamus eu commodo est,
 []

[27]
************************************************
Section 6 Some Advanced Ideas
************************************************


[28]
************************************************
Section 7 Mathematics
************************************************
************************************************
Subsection 7.1 Basic Mathematics
************************************************


[29]
************************************************
Subsection 7.2 Displayed Mathematics
************************************************


[30]
Package microtype Info: Loading generic protrusion settings for font family
(microtype)             `Inconsolatazi4-Regular.otf' (encoding: TS1).
(microtype)             For optimal results, create family-specific settings.
(microtype)             See the microtype manual for details.


[31]
Overfull \hbox (37.08327pt too wide) detected at line 2934
[][][][] \OML/cmm/m/it/10 S[]\OT1/cmr/m/n/10 (\OML/cmm/m/it/10 ^^M\OT1/cmr/m/n/
10 ) = [][](0) + [] [] \OMS/cmsy/m/n/10 < [] ^^@ [][]\OT1/cmr/m/n/10 (0) [] \OM
L/cmm/m/it/10 ^^Y[]
 []



[32]

[33]

[34]
************************************************
Subsection 7.3 \LaTeX {} Packages and MathJax Extensions
************************************************
************************************************
Subsection 7.4 Advanced Mathematics
************************************************

Package amsmath Warning: Foreign command \atop;
(amsmath)                \frac or \genfrac should be used instead
(amsmath)                 on input line 3092.



[35]

LaTeX Warning: Hyper reference `theorem-number-01' on page 36 undefined on inpu
t line 3104.


LaTeX Warning: Hyper reference `theorem-number-01' on page 36 undefined on inpu
t line 3104.

************************************************
Subsection 7.5 Local Tags on Equations
************************************************


[36]

LaTeX Warning: Hyper reference `section-cross-referencing' on page 37 undefined
 on input line 3145.


LaTeX Warning: Reference `section-cross-referencing' on page 37 undefined on in
put line 3145.

************************************************
Subsection 7.6 Commutative Diagrams
************************************************
************************************************
Subsection 7.7 Line-Breaking after Mathematics
************************************************
************************************************
Subsection 7.8 Fonts and Mathematics
************************************************


[37]
************************************************
Subsection 7.9 Miscellaneous
************************************************
************************************************
Section 8 Grouping Samples
************************************************


[38]
************************************************
Subsection 8.1 Remark-like Blocks
************************************************
************************************************
Subsection 8.2 Example-like Blocks
************************************************
************************************************
Subsection 8.3 Theorem-like Blocks
************************************************
************************************************
Subsection 8.4 Axiom-like Blocks
************************************************


[39]
************************************************
Subsection 8.5 Definition-like Blocks
************************************************
************************************************
Subsection 8.6 Aside-like Blocks
************************************************
************************************************
Subsection 8.7 Computation-like Blocks
************************************************
************************************************
Subsection 8.8 Project-like Blocks
************************************************
************************************************
Section 9 Entering Text in Paragraphs, Titles, Captions
************************************************


[40]
************************************************
Subsection 9.1 Special \initialismintitle {XML} characters
************************************************
************************************************
Subsection 9.2 Quotations
************************************************

Underfull \hbox (badness 10000) in paragraph at lines 3509--3511

 []



[41]
Underfull \hbox (badness 10000) in paragraph at lines 3517--3520

 []


LaTeX Warning: Hyper reference `section-poetry' on page 42 undefined on input l
ine 3522.


LaTeX Warning: Reference `section-poetry' on page 42 undefined on input line 35
22.

************************************************
Subsection 9.3 Groupings
************************************************
************************************************
Subsection 9.4 Characters, Symbols, and Constructions
************************************************


[42]
Overfull \hbox (16.14403pt too wide) in paragraph at lines 3569--3570
\TU/lmr/m/n/10 characters, as a consequence of naïveté. So you might see \TU/In
consolatazi4-Regular.otf(0)/m/sl/10 <dollar/>\TU/lmr/m/n/10 , \TU/Inconsolatazi
4-Regular.otf(0)/m/sl/10 <ampersand/>\TU/lmr/m/n/10 ,
 []

Package microtype Info: Loading generic protrusion settings for font family
(microtype)             `lmr' (encoding: TS1).
(microtype)             For optimal results, create family-specific settings.
(microtype)             See the microtype manual for details.

Overfull \hbox (0.13002pt too wide) in paragraph at lines 3575--3576
[]\TU/lmr/m/n/10 There are a few common abbreviations of Latin phrases that can
 be achieved
 []



[43]
************************************************
Subsection 9.5 Currency
************************************************
Missing character: There is no ₲ (U+20B2) in font [lmroman10-regular]:mapping=t
ex-text;!
************************************************
Subsection 9.6 Icons in Text
************************************************
(/usr/local/texlive/2024/texmf-dist/tex/latex/microtype/mt-TU-empty.cfg
File: mt-TU-empty.cfg 2021/06/22 v1.1 microtype config. file: fonts with nonsta
ndard glyph set (RS)
)

[44]
************************************************
Subsection 9.7 Keyboard Keys
************************************************
Package microtype Info: Loading generic protrusion settings for font family
(microtype)             `lmss' (encoding: TU).
(microtype)             For optimal results, create family-specific settings.
(microtype)             See the microtype manual for details.
LaTeX Font Info:    Trying to load font information for TS1+lmss on input line 
3716.
(/usr/local/texlive/2024/texmf-dist/tex/latex/lm/ts1lmss.fd
File: ts1lmss.fd 2015/05/01 v1.6.1 Font defs for Latin Modern
)
Package microtype Info: Loading generic protrusion settings for font family
(microtype)             `lmss' (encoding: TS1).
(microtype)             For optimal results, create family-specific settings.
(microtype)             See the microtype manual for details.

Overfull \hbox (92.31564pt too wide) in paragraph at lines 3713--3720
 [][] 
 []



[45]
Overfull \hbox (92.31564pt too wide) in paragraph at lines 3724--3731
 [][] 
 []

************************************************
Subsection 9.8 URLs, such as \texttt {http://example.com}
************************************************
LaTeX Font Info:    Font shape `TU/Inconsolatazi4-Regular.otf(0)/bx/n' in size 
<12> not available
(Font)              Font shape `TU/Inconsolatazi4-Regular.otf(0)/b/n' tried ins
tead on input line 3739.

Overfull \hbox (18.9739pt too wide) in paragraph at lines 3744--3745
[]\TU/lmr/m/n/10 A long \TU/lmr/m/sc/10 url \TU/lmr/m/n/10 for testing: [][]$[]
[][] [] [][][] [] [][][] [] [][][][][][] [] [][][][][][][][][][][][] [] [][][][
][][][][] [] [][][][] [] [][][][][][][][]$[][].
 []


Overfull \hbox (83.43001pt too wide) in paragraph at lines 3756--3757
[]\TU/lmr/m/n/10 ABCDEFGHIJKLMNOPQRSTUVWXYZabcdefghijklmnopqrstuvwxyz0123456789
%-
 []


Overfull \hbox (132.5271pt too wide) in paragraph at lines 3758--3759
[]\TU/Inconsolatazi4-Regular.otf(0)/m/sl/10 ABCDEFGHIJKLMNOPQRSTUVWXYZabcdefghi
jklmnopqrstuvwxyz0123456789%-._~:/?#[]@!$&\TS1/Inconsolatazi4-Regular.otf(0)/m/
n/10 '\TU/Inconsolatazi4-Regular.otf(0)/m/sl/10 ()*+,;= 
 []


Overfull \hbox (78.775pt too wide) in paragraph at lines 3760--3761
[][][]$[][][][] [] [] [] [][][][][][][] [] [][][] [] [][][][][][][][][][][][][]
[][][][][][][][][][][][][][][][][][][][][][][][][][][][][][][][][][][][][][][][
][][][][][][][][][] []
 []


Overfull \hbox (47.275pt too wide) in paragraph at lines 3762--3763
[][][]$[][][][][][][] [] [][][] [] [][][][][][][][][][][][][][][][][][][][][][]
[][][][][][][][][][][][][][][][][][][][][][][][][][][][][][][][][][][][][][][][
] []
 []


Overfull \hbox (9.15495pt too wide) in paragraph at lines 3766--3767
\TU/lmr/m/n/10 Line-breaking in L[]T[]X/PDF output is specialized, using path s
eparators (slashes)
 []


Overfull \hbox (1.37503pt too wide) in paragraph at lines 3766--3767
\TU/lmr/m/n/10 as candidates for splitting across lines: [][]$[][][][] [] [] []
 [][][][][][][] [] [][][] [] [][][][] [] [][][][] [] [][][][] [] [][][][] []
 []


Overfull \hbox (28.1pt too wide) in paragraph at lines 3766--3767
[][][][] [] [][][][] [] [][][][] [] [][][][] [] [][][][] [] [][][][] [] [][][][
] [] [][][][] [] [][][][] [] [][][][] [] [][][][] [] [][][][] [] [][][][] [] []
[][][] [] [][][][] [] [][][][][][] []
 []


Overfull \hbox (5.6pt too wide) in paragraph at lines 3766--3767
[][][][][][] [] [][][][][][] [] [][][][][][] [] [][][][][][] [] [][][][][][] []
 [][][][][][] [] [][][][][][] [] [][][][][][] [] [][][][][][] [] [][][][][][] [
] [][][][][][] []
 []


Overfull \hbox (5.6pt too wide) in paragraph at lines 3766--3767
[][][][][][] [] [][][][][][] [] [][][][][][] [] [][][][][][] [] [][][][][][] []
 [][][][][][] [] [][][][][][] [] [][][][][][] [] [][][][][][] [] [][][][][][] [
] [][][][][][] []
 []



[46]
Overfull \hbox (43.17502pt too wide) in paragraph at lines 3768--3768
[][][][]$[][][][] [] [] [] [][][][][][][] [] [][][] [] [][][][][][][][][][][][]
[][][][][][][][][][][][][][][][][][][][][][][][][][][][][][][][][][][][][][][][
][][][][][][][][][][] []
 []


Underfull \hbox (badness 3758) in paragraph at lines 3768--3768
[][]\TU/lmr/m/n/8 And if you do provide a link like [][]Carleson’s Theorem[][] 
in a footnote you
 []


Underfull \hbox (badness 1622) in paragraph at lines 3768--3768
\TU/lmr/m/n/8 should see an easy-to-read parenthetical version in some output f
ormats, such as
 []

************************************************
Subsection 9.9 Biological Names
************************************************
************************************************
Subsection 9.10 Verbatim in titles, \texttt {\textbackslash {}a\&b\#c\%d\textas
ciitilde {}e\{f\}g\$h\_i\textasciicircum {}j}, OK
************************************************
************************************************
Subsection 9.11 Special Situations
************************************************
\openout7 = `sample-article.listing'.

(./sample-article.listing)
\openout7 = `sample-article.listing'.

 (./sample-article.listing)
\openout7 = `sample-article.listing'.

 (./sample-article.listing)

[47]
\openout7 = `sample-article.listing'.

 (./sample-article.listing)
************************************************
Subsection 9.12 Jupyter Notebook, Markdown, MathJax, Delimiters
************************************************
************************************************
Subsection 9.13 \LaTeX {} Characters, Ligatures, and More
************************************************


[48]
************************************************
Subsection 9.14 \initialismintitle {HTML} and accidental mathematics
************************************************

Overfull \hbox (15.27pt too wide) in paragraph at lines 3870--3878
[]\TU/lmr/m/n/10 A/test/of/some/short/words/that/go/off/the/end/of/a/line/A/tes
t/of/some/
 []


Overfull \hbox (7.84999pt too wide) in paragraph at lines 3870--3878
\TU/lmr/m/n/10 short/words/that/go/off/the/end/of/a/line/A/test/of/some/short/w
ords/that/
 []


Overfull \hbox (10.18pt too wide) in paragraph at lines 3870--3878
\TU/lmr/m/n/10 go/off/the/end/of/a/line/A/test/of/some/short/words/that/go/off/
the/end/of/
 []

************************************************
Section 10 Graphics
************************************************


[49]
************************************************
Subsection 10.1 Images from External Sources
************************************************
File: external/images/nz-landscape.jpg Graphic file (type bmp)
<external/images/nz-landscape.jpg>
File: external/images/complete-graph.pdf Graphic file (type pdf)
<use external/images/complete-graph.pdf>

Underfull \hbox (badness 10000) in paragraph at lines 3929--3930
[]\TU/lmr/m/n/10 A paragraph
 []


Underfull \hbox (badness 10000) in paragraph at lines 3929--3930
\TU/lmr/m/n/10 interior to a
 []


Underfull \hbox (badness 2205) in paragraph at lines 3933--3934
\TU/lmr/m/n/10 a one-panel warn-
 []



[50]
************************************************
Subsection 10.2 PreFigure
************************************************


[51]
File: generated/prefigure/prefigure-diffeq.pdf Graphic file (type pdf)
<use generated/prefigure/prefigure-diffeq.pdf>
File: generated/prefigure/prefigure-projection.pdf Graphic file (type pdf)
<use generated/prefigure/prefigure-projection.pdf>
File: generated/prefigure/prefigure-tangent.pdf Graphic file (type pdf)
<use generated/prefigure/prefigure-tangent.pdf>


[52]
File: generated/prefigure/prefigure-fibonacci-a.pdf Graphic file (type pdf)
<use generated/prefigure/prefigure-fibonacci-a.pdf>
File: generated/prefigure/prefigure-fibonacci-b.pdf Graphic file (type pdf)
<use generated/prefigure/prefigure-fibonacci-b.pdf>
File: external/tactile/prefigure-diffeq.png Graphic file (type bmp)
<external/tactile/prefigure-diffeq.png>

************************************************
Subsection 10.3 \LaTeX {} images
************************************************


[53]

[54]
Overfull \hbox (4.21004pt too wide) in paragraph at lines 4169--4212
[]\TU/lmr/m/n/10 The pgfplots package was included in \TU/Inconsolatazi4-Regula
r.otf(0)/m/sl/10 docinfo/latex-image-preamble\TU/lmr/m/n/10 . Here,
 []



[55]

! Package pgfplots Error: Could not read table file 'data/dataplot/hodgkin-huxl
ey-data.dat' in 'search path=.'. In case you intended to provide inline data: m
aybe TeX screwed up your end-of-lines? Try `row sep=crcr' and terminate your li
nes with `\\' (refer to the pgfplotstable manual for details).

See the pgfplots package documentation for explanation.
Type  H <return>  for immediate help.
 ...                                              
                                                  
l.4227 }
        %
? 
PGFPlots: reading {data/dataplot/hodgkin-huxley-data.dat}

Package pgfplots Warning: the current plot has no coordinates (or all have been
 filtered away) on input line 4227.

 [warning /pgfplots/warning/plot without coordinates]

LaTeX Warning: File `data/attack/shark.png' not found on input line 4244.

! Unable to load picture or PDF file 'data/attack/shark.png'.
<to be read again> 
                   }
l.4244 }
        %
? 
File: data/attack/shark.png Graphic file (type bmp)
<data/attack/shark.png>

LaTeX Warning: File `data/attack/swimmer.png' not found on input line 4244.

! Unable to load picture or PDF file 'data/attack/swimmer.png'.
<to be read again> 
                   }
l.4244 }
        %
? 
File: data/attack/swimmer.png Graphic file (type bmp)
<data/attack/swimmer.png>


[56]
Overfull \hbox (8.5689pt too wide) in paragraph at lines 4248--4266
[]\TU/lmr/m/n/10 A Cartesian plot might benefit from having a \TU/Inconsolatazi
4-Regular.otf(0)/m/sl/10 <description> \TU/lmr/m/n/10 with a \TU/Inconsolatazi4
-Regular.otf(0)/m/sl/10 <tabular>
 []

\g__nicematrix_max_cell_width_dim=\dimen424
\c@iRow=\count448
\c@jCol=\count449
\l__nicematrix_cell_box=\box166
\l__nicematrix_the_array_box=\box167
\l__nicematrix_left_delim_dim=\dimen425
\l__nicematrix_right_delim_dim=\dimen426
\g__nicematrix_ddots_int=\count450
\g__nicematrix_iddots_int=\count451
\g__nicematrix_delta_x_one_dim=\dimen427
\g__nicematrix_delta_y_one_dim=\dimen428
\g__nicematrix_delta_x_two_dim=\dimen429
\g__nicematrix_delta_y_two_dim=\dimen430
\l__nicematrix_initial_i_int=\count452
\l__nicematrix_initial_j_int=\count453
\l__nicematrix_final_i_int=\count454
\l__nicematrix_final_j_int=\count455

