\BOOKMARK [1][-]{section.1}{\376\377\000I\000n\000t\000r\000o\000d\000u\000c\000t\000i\000o\000n}{}% 1
\BOOKMARK [1][-]{section.2}{\376\377\000T\000h\000e\000\040\000F\000u\000n\000d\000a\000m\000e\000n\000t\000a\000l\000\040\000T\000h\000e\000o\000r\000e\000m}{}% 2
\BOOKMARK [1][-]{section.7}{\376\377\000C\000o\000m\000p\000u\000t\000i\000n\000g\000\040\000I\000n\000t\000e\000g\000r\000a\000l\000s\000\040\000w\000i\000t\000h\000\040\000S\000a\000g\000e}{}% 3
\BOOKMARK [1][-]{section.76}{\376\377\000A\000n\000\040\000I\000n\000t\000e\000r\000e\000s\000t\000i\000n\000g\000\040\000C\000o\000r\000o\000l\000l\000a\000r\000y}{}% 4
\BOOKMARK [2][-]{subsection.81}{\376\377\000S\000e\000c\000o\000n\000d\000\040\000V\000e\000r\000s\000i\000o\000n\000\040\000o\000f\000\040\000F\000T\000C}{section.76}% 5
\BOOKMARK [2][-]{subsection.120}{\376\377\000A\000\040\000P\000e\000d\000a\000g\000o\000g\000i\000c\000a\000l\000\040\000N\000o\000t\000e\000\040\000a\000b\000o\000u\000t\000\040\000S\000u\000b\000s\000e\000c\000t\000i\000o\000n\000\040\000?\000?}{section.76}% 6
\BOOKMARK [3][-]{subsubsection.121}{\376\377\000S\000y\000m\000b\000o\000l\000i\000c\000\040\000a\000n\000d\000\040\000N\000u\000m\000e\000r\000i\000c\000a\000l\000\040\000I\000n\000t\000e\000g\000r\000a\000l\000s}{subsection.120}% 7
\BOOKMARK [3][-]{subsubsection.124}{\376\377\000A\000d\000v\000i\000c\000e}{subsection.120}% 8
\BOOKMARK [3][-]{subsubsection.184}{\376\377\000E\000x\000e\000r\000c\000i\000s\000e\000s}{subsection.120}% 9
\BOOKMARK [3][-]{subsubsection.189}{\376\377\000R\000e\000a\000d\000i\000n\000g\000\040\000Q\000u\000e\000s\000t\000i\000o\000n\000s}{subsection.120}% 10
\BOOKMARK [3][-]{subsubsection.190}{\376\377\000G\000l\000o\000s\000s\000a\000r\000y}{subsection.120}% 11
\BOOKMARK [3][-]{subsubsection.193}{\376\377\000S\000o\000l\000u\000t\000i\000o\000n\000s\000\040\000f\000o\000r\000\040\000T\000h\000i\000s\000\040\000S\000u\000b\000s\000e\000c\000t\000i\000o\000n}{subsection.120}% 12
\BOOKMARK [2][-]{subsection.196}{\376\377\000T\000h\000e\000o\000r\000e\000m\000-\000L\000i\000k\000e\000\040\000E\000n\000v\000i\000r\000o\000n\000m\000e\000n\000t\000s}{section.76}% 13
\BOOKMARK [2][-]{subsection.199}{\376\377\000L\000i\000n\000k\000i\000n\000g\000\040\000S\000a\000g\000e\000\040\000C\000e\000l\000l\000s}{section.76}% 14
\BOOKMARK [2][-]{subsection.210}{\376\377\000H\000i\000e\000r\000a\000r\000c\000h\000y}{section.76}% 15
\BOOKMARK [2][-]{subsection.214}{\376\377\000I\000n\000t\000r\000o\000d\000u\000c\000t\000i\000o\000n\000s\000\040\000a\000n\000d\000\040\000C\000o\000n\000c\000l\000u\000s\000i\000o\000n\000s}{section.76}% 16
\BOOKMARK [3][-]{subsubsection.215}{\376\377\000T\000e\000s\000t\000\040\000O\000n\000e}{subsection.214}% 17
\BOOKMARK [3][-]{subsubsection.216}{\376\377\000T\000e\000s\000t\000\040\000T\000w\000o}{subsection.214}% 18
\BOOKMARK [3][-]{subsubsection.219}{\376\377\000T\000e\000s\000t\000\040\000T\000h\000r\000e\000e}{subsection.214}% 19
\BOOKMARK [2][-]{subsection.220}{\376\377\000S\000o\000m\000e\000\040\000P\000a\000r\000a\000g\000r\000a\000p\000h\000-\000L\000e\000v\000e\000l\000\040\000M\000a\000r\000k\000u\000p}{section.76}% 20
\BOOKMARK [1][-]{section.225}{\376\377\000S\000o\000m\000e\000\040\000F\000a\000c\000t\000s\000\040\000a\000n\000d\000\040\000F\000i\000g\000u\000r\000e\000s}{}% 21
\BOOKMARK [1][-]{section.248}{\376\377\000S\000o\000m\000e\000\040\000A\000d\000v\000a\000n\000c\000e\000d\000\040\000I\000d\000e\000a\000s}{}% 22
\BOOKMARK [1][-]{section.263}{\376\377\000M\000a\000t\000h\000e\000m\000a\000t\000i\000c\000s}{}% 23
\BOOKMARK [2][-]{subsection.264}{\376\377\000B\000a\000s\000i\000c\000\040\000M\000a\000t\000h\000e\000m\000a\000t\000i\000c\000s}{section.263}% 24
\BOOKMARK [2][-]{subsection.267}{\376\377\000D\000i\000s\000p\000l\000a\000y\000e\000d\000\040\000M\000a\000t\000h\000e\000m\000a\000t\000i\000c\000s}{section.263}% 25
\BOOKMARK [2][-]{subsection.380}{\376\377\000L\000a\000T\000e\000X\000\040\000P\000a\000c\000k\000a\000g\000e\000s\000\040\000a\000n\000d\000\040\000M\000a\000t\000h\000J\000a\000x\000\040\000E\000x\000t\000e\000n\000s\000i\000o\000n\000s}{section.263}% 26
\BOOKMARK [2][-]{subsection.381}{\376\377\000A\000d\000v\000a\000n\000c\000e\000d\000\040\000M\000a\000t\000h\000e\000m\000a\000t\000i\000c\000s}{section.263}% 27
\BOOKMARK [2][-]{subsection.382}{\376\377\000N\000u\000m\000b\000e\000r\000e\000d\000\040\000E\000q\000u\000a\000t\000i\000o\000n\000s}{section.263}% 28
\BOOKMARK [2][-]{subsection.392}{\376\377\000L\000o\000c\000a\000l\000\040\000T\000a\000g\000s\000\040\000o\000n\000\040\000E\000q\000u\000a\000t\000i\000o\000n\000s}{section.263}% 29
\BOOKMARK [2][-]{subsection.406}{\376\377\000C\000o\000m\000m\000u\000t\000a\000t\000i\000v\000e\000\040\000D\000i\000a\000g\000r\000a\000m\000s}{section.263}% 30
\BOOKMARK [2][-]{subsection.407}{\376\377\000L\000i\000n\000e\000-\000B\000r\000e\000a\000k\000i\000n\000g\000\040\000a\000f\000t\000e\000r\000\040\000M\000a\000t\000h\000e\000m\000a\000t\000i\000c\000s}{section.263}% 31
\BOOKMARK [2][-]{subsection.408}{\376\377\000F\000o\000n\000t\000s\000\040\000a\000n\000d\000\040\000M\000a\000t\000h\000e\000m\000a\000t\000i\000c\000s}{section.263}% 32
\BOOKMARK [2][-]{subsection.414}{\376\377\000S\000p\000e\000c\000i\000a\000l\000\040\000C\000h\000a\000r\000a\000c\000t\000e\000r\000s\000\040\000i\000n\000\040\000T\000e\000x\000t\000\040\000M\000o\000d\000e}{section.263}% 33
\BOOKMARK [2][-]{subsection.415}{\376\377\000M\000i\000s\000c\000e\000l\000l\000a\000n\000e\000o\000u\000s}{section.263}% 34
\BOOKMARK [2][-]{subsection.416}{\376\377\000W\000i\000d\000e\000\040\000a\000n\000d\000\040\000N\000a\000r\000r\000o\000w\000\040\000D\000i\000s\000p\000l\000a\000y\000s}{section.263}% 35
\BOOKMARK [1][-]{section.433}{\376\377\000G\000r\000o\000u\000p\000i\000n\000g\000\040\000S\000a\000m\000p\000l\000e\000s}{}% 36
\BOOKMARK [2][-]{subsection.436}{\376\377\000R\000e\000m\000a\000r\000k\000-\000l\000i\000k\000e\000\040\000B\000l\000o\000c\000k\000s}{section.433}% 37
\BOOKMARK [2][-]{subsection.449}{\376\377\000E\000x\000a\000m\000p\000l\000e\000-\000l\000i\000k\000e\000\040\000B\000l\000o\000c\000k\000s}{section.433}% 38
\BOOKMARK [2][-]{subsection.465}{\376\377\000T\000h\000e\000o\000r\000e\000m\000-\000l\000i\000k\000e\000\040\000B\000l\000o\000c\000k\000s}{section.433}% 39
\BOOKMARK [2][-]{subsection.484}{\376\377\000A\000x\000i\000o\000m\000-\000l\000i\000k\000e\000\040\000B\000l\000o\000c\000k\000s}{section.433}% 40
\BOOKMARK [2][-]{subsection.497}{\376\377\000D\000e\000f\000i\000n\000i\000t\000i\000o\000n\000-\000l\000i\000k\000e\000\040\000B\000l\000o\000c\000k\000s}{section.433}% 41
\BOOKMARK [2][-]{subsection.500}{\376\377\000A\000s\000i\000d\000e\000-\000l\000i\000k\000e\000\040\000B\000l\000o\000c\000k\000s}{section.433}% 42
\BOOKMARK [2][-]{subsection.505}{\376\377\000C\000o\000m\000p\000u\000t\000a\000t\000i\000o\000n\000-\000l\000i\000k\000e\000\040\000B\000l\000o\000c\000k\000s}{section.433}% 43
\BOOKMARK [2][-]{subsection.512}{\376\377\000P\000r\000o\000j\000e\000c\000t\000-\000l\000i\000k\000e\000\040\000B\000l\000o\000c\000k\000s}{section.433}% 44
\BOOKMARK [2][-]{subsection.521}{\376\377\000M\000i\000s\000c\000e\000l\000l\000a\000n\000e\000o\000u\000s\000\040\000B\000l\000o\000c\000k\000s}{section.433}% 45
\BOOKMARK [1][-]{section.525}{\376\377\000T\000e\000x\000t\000\040\000i\000n\000\040\000P\000a\000r\000a\000g\000r\000a\000p\000h\000s}{}% 46
\BOOKMARK [2][-]{subsection.526}{\376\377\000S\000p\000e\000c\000i\000a\000l\000\040\000X\000M\000L\000\040\000c\000h\000a\000r\000a\000c\000t\000e\000r\000s}{section.525}% 47
\BOOKMARK [2][-]{subsection.529}{\376\377\000Q\000u\000o\000t\000a\000t\000i\000o\000n\000s}{section.525}% 48
\BOOKMARK [2][-]{subsection.530}{\376\377\000G\000r\000o\000u\000p\000i\000n\000g\000s}{section.525}% 49
\BOOKMARK [2][-]{subsection.531}{\376\377\000C\000h\000a\000r\000a\000c\000t\000e\000r\000s\000,\000\040\000S\000y\000m\000b\000o\000l\000s\000,\000\040\000a\000n\000d\000\040\000C\000o\000n\000s\000t\000r\000u\000c\000t\000i\000o\000n\000s}{section.525}% 50
\BOOKMARK [2][-]{subsection.532}{\376\377\000C\000u\000r\000r\000e\000n\000c\000y}{section.525}% 51
\BOOKMARK [2][-]{subsection.535}{\376\377\000I\000c\000o\000n\000s\000\040\000i\000n\000\040\000T\000e\000x\000t}{section.525}% 52
\BOOKMARK [2][-]{subsection.542}{\376\377\000K\000e\000y\000b\000o\000a\000r\000d\000\040\000K\000e\000y\000s}{section.525}% 53
\BOOKMARK [2][-]{subsection.549}{\376\377\000U\000R\000L\000s\000,\000\040\000s\000u\000c\000h\000\040\000a\000s\000\040\000h\000t\000t\000p\000:\000/\000/\000e\000x\000a\000m\000p\000l\000e\000.\000c\000o\000m}{section.525}% 54
\BOOKMARK [2][-]{subsection.550}{\376\377\000B\000i\000o\000l\000o\000g\000i\000c\000a\000l\000\040\000N\000a\000m\000e\000s}{section.525}% 55
\BOOKMARK [2][-]{subsection.551}{\376\377\000V\000e\000r\000b\000a\000t\000i\000m\000\040\000i\000n\000\040\000t\000i\000t\000l\000e\000s\000,\000\040\000\134\000a\000\046\000b\000\043\000c\000\045\000d\000\176\000e\000\173\000f\000\175\000g\000\044\000h\000\137\000i\000\136\000j\000,\000\040\000O\000K}{section.525}% 56
\BOOKMARK [2][-]{subsection.552}{\376\377\000S\000p\000e\000c\000i\000a\000l\000\040\000S\000i\000t\000u\000a\000t\000i\000o\000n\000s}{section.525}% 57
\BOOKMARK [2][-]{subsection.564}{\376\377\000J\000u\000p\000y\000t\000e\000r\000\040\000N\000o\000t\000e\000b\000o\000o\000k\000,\000\040\000M\000a\000r\000k\000d\000o\000w\000n\000,\000\040\000M\000a\000t\000h\000J\000a\000x\000,\000\040\000D\000e\000l\000i\000m\000i\000t\000e\000r\000s}{section.525}% 58
\BOOKMARK [2][-]{subsection.565}{\376\377\000L\000a\000T\000e\000X\000\040\000C\000h\000a\000r\000a\000c\000t\000e\000r\000s\000,\000\040\000L\000i\000g\000a\000t\000u\000r\000e\000s\000,\000\040\000a\000n\000d\000\040\000M\000o\000r\000e}{section.525}% 59
\BOOKMARK [2][-]{subsection.566}{\376\377\000H\000T\000M\000L\000\040\000a\000n\000d\000\040\000a\000c\000c\000i\000d\000e\000n\000t\000a\000l\000\040\000m\000a\000t\000h\000e\000m\000a\000t\000i\000c\000s}{section.525}% 60
\BOOKMARK [1][-]{section.567}{\376\377\000G\000r\000a\000p\000h\000i\000c\000s}{}% 61
\BOOKMARK [2][-]{subsection.568}{\376\377\000I\000m\000a\000g\000e\000s\000\040\000f\000r\000o\000m\000\040\000E\000x\000t\000e\000r\000n\000a\000l\000\040\000S\000o\000u\000r\000c\000e\000s}{section.567}% 62
\BOOKMARK [2][-]{subsection.577}{\376\377\000P\000r\000e\000F\000i\000g\000u\000r\000e}{section.567}% 63
\BOOKMARK [2][-]{subsection.584}{\376\377\000L\000a\000T\000e\000X\000\040\000i\000m\000a\000g\000e\000s}{section.567}% 64
\BOOKMARK [2][-]{subsection.599}{\376\377\000A\000s\000y\000m\000p\000t\000o\000t\000e\000,\000\040\0002\000D}{section.567}% 65
\BOOKMARK [2][-]{subsection.606}{\376\377\000A\000s\000y\000m\000p\000t\000o\000t\000e\000,\000\040\0003\000D\000\040\000v\000i\000a\000\040\000W\000e\000b\000G\000L}{section.567}% 66
\BOOKMARK [2][-]{subsection.613}{\376\377\000M\000e\000r\000m\000a\000i\000d\000\040\000D\000i\000a\000g\000r\000a\000m\000s}{section.567}% 67
\BOOKMARK [2][-]{subsection.622}{\376\377\000S\000a\000g\000e\000\040\000P\000l\000o\000t\000s}{section.567}% 68
\BOOKMARK [2][-]{subsection.637}{\376\377\000I\000n\000k\000s\000c\000a\000p\000e\000\040\000I\000m\000a\000g\000e\000s}{section.567}% 69
\BOOKMARK [2][-]{subsection.642}{\376\377\000C\000o\000p\000i\000e\000s\000\040\000o\000f\000\040\000I\000m\000a\000g\000e\000s}{section.567}% 70
\BOOKMARK [2][-]{subsection.645}{\376\377\000C\000a\000p\000t\000i\000o\000n\000\040\000T\000e\000s\000t\000i\000n\000g}{section.567}% 71
\BOOKMARK [2][-]{subsection.648}{\376\377\000C\000a\000p\000t\000i\000o\000n\000l\000e\000s\000s\000\040\000I\000m\000a\000g\000e\000s}{section.567}% 72
\BOOKMARK [2][-]{subsection.649}{\376\377\000T\000e\000c\000h\000n\000i\000c\000a\000l\000\040\000D\000e\000t\000a\000i\000l\000s}{section.567}% 73
\BOOKMARK [2][-]{subsection.650}{\376\377\000A\000c\000c\000e\000s\000s\000i\000b\000i\000l\000i\000t\000y}{section.567}% 74
\BOOKMARK [1][-]{section.669}{\376\377\000F\000u\000r\000t\000h\000e\000r\000\040\000R\000e\000a\000d\000i\000n\000g}{}% 75
\BOOKMARK [2][-]{subsection.670}{\376\377\000S\000p\000e\000c\000i\000a\000l\000i\000z\000e\000d\000\040\000S\000u\000b\000d\000i\000v\000i\000s\000i\000o\000n\000s}{section.669}% 76
\BOOKMARK [2][-]{subsection.671}{\376\377\000E\000x\000e\000r\000c\000i\000s\000e\000s}{section.669}% 77
\BOOKMARK [2][-]{subsection.672}{\376\377\000M\000o\000r\000e\000\040\000E\000x\000e\000r\000c\000i\000s\000e\000s}{section.669}% 78
\BOOKMARK [2][-]{subsection.695}{\376\377\000R\000e\000f\000e\000r\000e\000n\000c\000e\000s}{section.669}% 79
\BOOKMARK [1][-]{section.696}{\376\377\000L\000i\000s\000t\000\040\000C\000a\000l\000i\000s\000t\000h\000e\000n\000i\000c\000s}{}% 80
\BOOKMARK [2][-]{subsection.697}{\376\377\000L\000i\000s\000t\000s\000,\000\040\000G\000e\000n\000e\000r\000a\000l\000l\000y}{section.696}% 81
\BOOKMARK [2][-]{subsection.750}{\376\377\000L\000i\000s\000t\000\040\000S\000p\000a\000c\000i\000n\000g\000,\000\040\000I}{section.696}% 82
\BOOKMARK [2][-]{subsection.756}{\376\377\000L\000i\000s\000t\000\040\000S\000p\000a\000c\000i\000n\000g\000,\000\040\000I\000I}{section.696}% 83
\BOOKMARK [2][-]{subsection.758}{\376\377\000L\000i\000s\000t\000\040\000i\000t\000e\000m\000s\000\040\000c\000o\000n\000t\000a\000i\000n\000i\000n\000g\000\040\000o\000n\000l\000y\000\040\000i\000n\000l\000i\000n\000e\000\040\000m\000a\000t\000h}{section.696}% 84
\BOOKMARK [2][-]{subsection.778}{\376\377\000D\000i\000f\000f\000i\000c\000u\000l\000t\000\040\000L\000i\000s\000t\000\040\000I\000t\000e\000m\000s}{section.696}% 85
\BOOKMARK [2][-]{subsection.784}{\376\377\000D\000e\000s\000c\000r\000i\000p\000t\000i\000o\000n\000\040\000L\000i\000s\000t\000s}{section.696}% 86
\BOOKMARK [2][-]{subsection.785}{\376\377\000N\000a\000m\000e\000d\000\040\000L\000i\000s\000t\000s}{section.696}% 87
\BOOKMARK [2][-]{subsection.812}{\376\377\000T\000e\000s\000t\000i\000n\000g\000\040\000L\000i\000s\000t\000\040\000D\000e\000c\000o\000m\000p\000o\000s\000i\000t\000i\000o\000n\000s}{section.696}% 88
\BOOKMARK [2][-]{subsection.815}{\376\377\000L\000i\000s\000t\000\040\000C\000o\000l\000u\000m\000n\000\040\000T\000e\000s\000t\000i\000n\000g}{section.696}% 89
\BOOKMARK [2][-]{subsection.824}{\376\377\000E\000x\000e\000r\000c\000i\000s\000e\000s\000\040\000\050\000w\000i\000t\000h\000\040\000l\000i\000s\000t\000s\000\051}{section.696}% 90
\BOOKMARK [2][-]{subsection.831}{\376\377\000R\000e\000f\000e\000r\000e\000n\000c\000e\000s\000\040\000\050\000w\000i\000t\000h\000\040\000l\000i\000s\000t\000s\000\040\000i\000n\000\040\000A\000n\000n\000o\000t\000a\000t\000i\000o\000n\000s\000\051}{section.696}% 91
\BOOKMARK [1][-]{section.835}{\376\377\000T\000a\000b\000l\000e\000\040\000C\000a\000l\000i\000s\000t\000h\000e\000n\000i\000c\000s}{}% 92
\BOOKMARK [1][-]{section.902}{\376\377\000I\000n\000t\000e\000r\000a\000c\000t\000i\000v\000e\000\040\000E\000l\000e\000m\000e\000n\000t\000s\000,\000\040\000A\000u\000t\000h\000o\000r\000e\000d}{}% 93
\BOOKMARK [2][-]{subsection.903}{\376\377\000H\000T\000M\000L\0005\000\040\000C\000a\000n\000v\000a\000s}{section.902}% 94
\BOOKMARK [2][-]{subsection.928}{\376\377\000D\0003\000.\000j\000s}{section.902}% 95
\BOOKMARK [2][-]{subsection.943}{\376\377\000S\000V\000G}{section.902}% 96
\BOOKMARK [2][-]{subsection.950}{\376\377\000J\000S\000X\000G\000r\000a\000p\000h}{section.902}% 97
