\BOOKMARK [1][-]{section.1}{\376\377\000I\000n\000t\000r\000o\000d\000u\000c\000t\000i\000o\000n}{}% 1
\BOOKMARK [1][-]{section.2}{\376\377\000T\000h\000e\000\040\000F\000u\000n\000d\000a\000m\000e\000n\000t\000a\000l\000\040\000T\000h\000e\000o\000r\000e\000m}{}% 2
\BOOKMARK [1][-]{section.5}{\376\377\000C\000o\000m\000p\000u\000t\000i\000n\000g\000\040\000I\000n\000t\000e\000g\000r\000a\000l\000s\000\040\000w\000i\000t\000h\000\040\000S\000a\000g\000e\000\040\000\050\000\051}{}% 3
\BOOKMARK [1][-]{section.75}{\376\377\000A\000n\000\040\000I\000n\000t\000e\000r\000e\000s\000t\000i\000n\000g\000\040\000C\000o\000r\000o\000l\000l\000a\000r\000y}{}% 4
\BOOKMARK [2][-]{subsection.80}{\376\377\000S\000e\000c\000o\000n\000d\000\040\000V\000e\000r\000s\000i\000o\000n\000\040\000o\000f\000\040\000F\000T\000C}{section.75}% 5
\BOOKMARK [2][-]{subsection.114}{\376\377\000A\000\040\000P\000e\000d\000a\000g\000o\000g\000i\000c\000a\000l\000\040\000N\000o\000t\000e\000\040\000a\000b\000o\000u\000t\000\040\000S\000u\000b\000s\000e\000c\000t\000i\000o\000n\000\040\0004\000.\0001}{section.75}% 6
\BOOKMARK [3][-]{subsubsection.115}{\376\377\000S\000y\000m\000b\000o\000l\000i\000c\000\040\000a\000n\000d\000\040\000N\000u\000m\000e\000r\000i\000c\000a\000l\000\040\000I\000n\000t\000e\000g\000r\000a\000l\000s}{subsection.114}% 7
\BOOKMARK [3][-]{subsubsection.117}{\376\377\000A\000d\000v\000i\000c\000e}{subsection.114}% 8
\BOOKMARK [2][-]{subsection.164}{\376\377\000T\000h\000e\000o\000r\000e\000m\000-\000L\000i\000k\000e\000\040\000E\000n\000v\000i\000r\000o\000n\000m\000e\000n\000t\000s}{section.75}% 9
\BOOKMARK [2][-]{subsection.166}{\376\377\000L\000i\000n\000k\000i\000n\000g\000\040\000S\000a\000g\000e\000\040\000C\000e\000l\000l\000s}{section.75}% 10
\BOOKMARK [2][-]{subsection.177}{\376\377\000H\000i\000e\000r\000a\000r\000c\000h\000y}{section.75}% 11
\BOOKMARK [2][-]{subsection.180}{\376\377\000I\000n\000t\000r\000o\000d\000u\000c\000t\000i\000o\000n\000s\000\040\000a\000n\000d\000\040\000C\000o\000n\000c\000l\000u\000s\000i\000o\000n\000s}{section.75}% 12
\BOOKMARK [3][-]{subsubsection.181}{\376\377\000T\000e\000s\000t\000\040\000O\000n\000e}{subsection.180}% 13
\BOOKMARK [3][-]{subsubsection.182}{\376\377\000T\000e\000s\000t\000\040\000T\000w\000o}{subsection.180}% 14
\BOOKMARK [3][-]{subsubsection.184}{\376\377\000T\000e\000s\000t\000\040\000T\000h\000r\000e\000e}{subsection.180}% 15
\BOOKMARK [2][-]{subsection.185}{\376\377\000S\000o\000m\000e\000\040\000P\000a\000r\000a\000g\000r\000a\000p\000h\000-\000L\000e\000v\000e\000l\000\040\000M\000a\000r\000k\000u\000p}{section.75}% 16
\BOOKMARK [1][-]{section.190}{\376\377\000S\000o\000m\000e\000\040\000F\000a\000c\000t\000s\000\040\000a\000n\000d\000\040\000F\000i\000g\000u\000r\000e\000s}{}% 17
\BOOKMARK [1][-]{section.212}{\376\377\000S\000o\000m\000e\000\040\000A\000d\000v\000a\000n\000c\000e\000d\000\040\000I\000d\000e\000a\000s}{}% 18
\BOOKMARK [1][-]{section.227}{\376\377\000M\000a\000t\000h\000e\000m\000a\000t\000i\000c\000s}{}% 19
\BOOKMARK [2][-]{subsection.228}{\376\377\000B\000a\000s\000i\000c\000\040\000M\000a\000t\000h\000e\000m\000a\000t\000i\000c\000s}{section.227}% 20
\BOOKMARK [2][-]{subsection.231}{\376\377\000D\000i\000s\000p\000l\000a\000y\000e\000d\000\040\000M\000a\000t\000h\000e\000m\000a\000t\000i\000c\000s}{section.227}% 21
\BOOKMARK [2][-]{subsection.330}{\376\377\000L\000a\000T\000e\000X\000\040\000P\000a\000c\000k\000a\000g\000e\000s\000\040\000a\000n\000d\000\040\000M\000a\000t\000h\000J\000a\000x\000\040\000E\000x\000t\000e\000n\000s\000i\000o\000n\000s}{section.227}% 22
\BOOKMARK [2][-]{subsection.331}{\376\377\000A\000d\000v\000a\000n\000c\000e\000d\000\040\000M\000a\000t\000h\000e\000m\000a\000t\000i\000c\000s}{section.227}% 23
\BOOKMARK [2][-]{subsection.332}{\376\377\000L\000o\000c\000a\000l\000\040\000T\000a\000g\000s\000\040\000o\000n\000\040\000E\000q\000u\000a\000t\000i\000o\000n\000s}{section.227}% 24
\BOOKMARK [2][-]{subsection.344}{\376\377\000C\000o\000m\000m\000u\000t\000a\000t\000i\000v\000e\000\040\000D\000i\000a\000g\000r\000a\000m\000s}{section.227}% 25
\BOOKMARK [2][-]{subsection.345}{\376\377\000L\000i\000n\000e\000-\000B\000r\000e\000a\000k\000i\000n\000g\000\040\000a\000f\000t\000e\000r\000\040\000M\000a\000t\000h\000e\000m\000a\000t\000i\000c\000s}{section.227}% 26
\BOOKMARK [2][-]{subsection.346}{\376\377\000F\000o\000n\000t\000s\000\040\000a\000n\000d\000\040\000M\000a\000t\000h\000e\000m\000a\000t\000i\000c\000s}{section.227}% 27
\BOOKMARK [2][-]{subsection.352}{\376\377\000M\000i\000s\000c\000e\000l\000l\000a\000n\000e\000o\000u\000s}{section.227}% 28
\BOOKMARK [1][-]{section.353}{\376\377\000G\000r\000o\000u\000p\000i\000n\000g\000\040\000S\000a\000m\000p\000l\000e\000s}{}% 29
\BOOKMARK [2][-]{subsection.355}{\376\377\000R\000e\000m\000a\000r\000k\000-\000l\000i\000k\000e\000\040\000B\000l\000o\000c\000k\000s}{section.353}% 30
\BOOKMARK [2][-]{subsection.362}{\376\377\000E\000x\000a\000m\000p\000l\000e\000-\000l\000i\000k\000e\000\040\000B\000l\000o\000c\000k\000s}{section.353}% 31
\BOOKMARK [2][-]{subsection.371}{\376\377\000T\000h\000e\000o\000r\000e\000m\000-\000l\000i\000k\000e\000\040\000B\000l\000o\000c\000k\000s}{section.353}% 32
\BOOKMARK [2][-]{subsection.381}{\376\377\000A\000x\000i\000o\000m\000-\000l\000i\000k\000e\000\040\000B\000l\000o\000c\000k\000s}{section.353}% 33
\BOOKMARK [2][-]{subsection.388}{\376\377\000D\000e\000f\000i\000n\000i\000t\000i\000o\000n\000-\000l\000i\000k\000e\000\040\000B\000l\000o\000c\000k\000s}{section.353}% 34
\BOOKMARK [2][-]{subsection.390}{\376\377\000A\000s\000i\000d\000e\000-\000l\000i\000k\000e\000\040\000B\000l\000o\000c\000k\000s}{section.353}% 35
\BOOKMARK [2][-]{subsection.391}{\376\377\000C\000o\000m\000p\000u\000t\000a\000t\000i\000o\000n\000-\000l\000i\000k\000e\000\040\000B\000l\000o\000c\000k\000s}{section.353}% 36
\BOOKMARK [2][-]{subsection.395}{\376\377\000P\000r\000o\000j\000e\000c\000t\000-\000l\000i\000k\000e\000\040\000B\000l\000o\000c\000k\000s}{section.353}% 37
\BOOKMARK [1][-]{section.400}{\376\377\000E\000n\000t\000e\000r\000i\000n\000g\000\040\000T\000e\000x\000t\000\040\000i\000n\000\040\000P\000a\000r\000a\000g\000r\000a\000p\000h\000s\000,\000\040\000T\000i\000t\000l\000e\000s\000,\000\040\000C\000a\000p\000t\000i\000o\000n\000s}{}% 38
\BOOKMARK [2][-]{subsection.401}{\376\377\000S\000p\000e\000c\000i\000a\000l\000\040\000X\000M\000L\000\040\000c\000h\000a\000r\000a\000c\000t\000e\000r\000s}{section.400}% 39
\BOOKMARK [2][-]{subsection.403}{\376\377\000Q\000u\000o\000t\000a\000t\000i\000o\000n\000s}{section.400}% 40
\BOOKMARK [2][-]{subsection.404}{\376\377\000G\000r\000o\000u\000p\000i\000n\000g\000s}{section.400}% 41
\BOOKMARK [2][-]{subsection.405}{\376\377\000C\000h\000a\000r\000a\000c\000t\000e\000r\000s\000,\000\040\000S\000y\000m\000b\000o\000l\000s\000,\000\040\000a\000n\000d\000\040\000C\000o\000n\000s\000t\000r\000u\000c\000t\000i\000o\000n\000s}{section.400}% 42
\BOOKMARK [2][-]{subsection.406}{\376\377\000C\000u\000r\000r\000e\000n\000c\000y}{section.400}% 43
\BOOKMARK [2][-]{subsection.409}{\376\377\000I\000c\000o\000n\000s\000\040\000i\000n\000\040\000T\000e\000x\000t}{section.400}% 44
\BOOKMARK [2][-]{subsection.415}{\376\377\000K\000e\000y\000b\000o\000a\000r\000d\000\040\000K\000e\000y\000s}{section.400}% 45
\BOOKMARK [2][-]{subsection.422}{\376\377\000U\000R\000L\000s\000,\000\040\000s\000u\000c\000h\000\040\000a\000s\000\040\000h\000t\000t\000p\000:\000/\000/\000e\000x\000a\000m\000p\000l\000e\000.\000c\000o\000m}{section.400}% 46
\BOOKMARK [2][-]{subsection.423}{\376\377\000B\000i\000o\000l\000o\000g\000i\000c\000a\000l\000\040\000N\000a\000m\000e\000s}{section.400}% 47
\BOOKMARK [2][-]{subsection.424}{\376\377\000V\000e\000r\000b\000a\000t\000i\000m\000\040\000i\000n\000\040\000t\000i\000t\000l\000e\000s\000,\000\040\000\134\000a\000\046\000b\000\043\000c\000\045\000d\000\176\000e\000\173\000f\000\175\000g\000\044\000h\000\137\000i\000\136\000j\000,\000\040\000O\000K}{section.400}% 48
\BOOKMARK [2][-]{subsection.425}{\376\377\000S\000p\000e\000c\000i\000a\000l\000\040\000S\000i\000t\000u\000a\000t\000i\000o\000n\000s}{section.400}% 49
\BOOKMARK [2][-]{subsection.437}{\376\377\000J\000u\000p\000y\000t\000e\000r\000\040\000N\000o\000t\000e\000b\000o\000o\000k\000,\000\040\000M\000a\000r\000k\000d\000o\000w\000n\000,\000\040\000M\000a\000t\000h\000J\000a\000x\000,\000\040\000D\000e\000l\000i\000m\000i\000t\000e\000r\000s}{section.400}% 50
\BOOKMARK [2][-]{subsection.438}{\376\377\000L\000a\000T\000e\000X\000\040\000C\000h\000a\000r\000a\000c\000t\000e\000r\000s\000,\000\040\000L\000i\000g\000a\000t\000u\000r\000e\000s\000,\000\040\000a\000n\000d\000\040\000M\000o\000r\000e}{section.400}% 51
\BOOKMARK [2][-]{subsection.439}{\376\377\000H\000T\000M\000L\000\040\000a\000n\000d\000\040\000a\000c\000c\000i\000d\000e\000n\000t\000a\000l\000\040\000m\000a\000t\000h\000e\000m\000a\000t\000i\000c\000s}{section.400}% 52
\BOOKMARK [1][-]{section.440}{\376\377\000G\000r\000a\000p\000h\000i\000c\000s}{}% 53
\BOOKMARK [2][-]{subsection.441}{\376\377\000I\000m\000a\000g\000e\000s\000\040\000f\000r\000o\000m\000\040\000E\000x\000t\000e\000r\000n\000a\000l\000\040\000S\000o\000u\000r\000c\000e\000s}{section.440}% 54
\BOOKMARK [2][-]{subsection.449}{\376\377\000P\000r\000e\000F\000i\000g\000u\000r\000e}{section.440}% 55
\BOOKMARK [2][-]{subsection.456}{\376\377\000L\000a\000T\000e\000X\000\040\000i\000m\000a\000g\000e\000s}{section.440}% 56
\BOOKMARK [2][-]{subsection.469}{\376\377\000A\000s\000y\000m\000p\000t\000o\000t\000e\000,\000\040\0002\000D}{section.440}% 57
\BOOKMARK [2][-]{subsection.476}{\376\377\000A\000s\000y\000m\000p\000t\000o\000t\000e\000,\000\040\0003\000D\000\040\000v\000i\000a\000\040\000W\000e\000b\000G\000L}{section.440}% 58
\BOOKMARK [2][-]{subsection.483}{\376\377\000M\000e\000r\000m\000a\000i\000d\000\040\000D\000i\000a\000g\000r\000a\000m\000s}{section.440}% 59
\BOOKMARK [2][-]{subsection.490}{\376\377\000S\000a\000g\000e\000\040\000P\000l\000o\000t\000s}{section.440}% 60
\BOOKMARK [2][-]{subsection.505}{\376\377\000I\000n\000k\000s\000c\000a\000p\000e\000\040\000I\000m\000a\000g\000e\000s}{section.440}% 61
\BOOKMARK [2][-]{subsection.510}{\376\377\000C\000o\000p\000i\000e\000s\000\040\000o\000f\000\040\000I\000m\000a\000g\000e\000s}{section.440}% 62
\BOOKMARK [2][-]{subsection.513}{\376\377\000C\000a\000p\000t\000i\000o\000n\000\040\000T\000e\000s\000t\000i\000n\000g}{section.440}% 63
\BOOKMARK [2][-]{subsection.516}{\376\377\000C\000a\000p\000t\000i\000o\000n\000l\000e\000s\000s\000\040\000I\000m\000a\000g\000e\000s}{section.440}% 64
\BOOKMARK [2][-]{subsection.518}{\376\377\000T\000e\000c\000h\000n\000i\000c\000a\000l\000\040\000D\000e\000t\000a\000i\000l\000s}{section.440}% 65
\BOOKMARK [2][-]{subsection.519}{\376\377\000A\000c\000c\000e\000s\000s\000i\000b\000i\000l\000i\000t\000y}{section.440}% 66
\BOOKMARK [1][-]{section.552}{\376\377\000T\000a\000b\000l\000e\000\040\000C\000a\000l\000i\000s\000t\000h\000e\000n\000i\000c\000s}{}% 67
\BOOKMARK [1][-]{section.616}{\376\377\000I\000n\000t\000e\000r\000a\000c\000t\000i\000v\000e\000\040\000E\000l\000e\000m\000e\000n\000t\000s\000,\000\040\000A\000u\000t\000h\000o\000r\000e\000d\000\040\000i\000n\000\040\000J\000a\000v\000a\000s\000c\000r\000i\000p\000t}{}% 68
\BOOKMARK [2][-]{subsection.617}{\376\377\000H\000T\000M\000L\0005\000\040\000C\000a\000n\000v\000a\000s}{section.616}% 69
\BOOKMARK [2][-]{subsection.636}{\376\377\000D\0003\000.\000j\000s}{section.616}% 70
\BOOKMARK [2][-]{subsection.650}{\376\377\000S\000V\000G}{section.616}% 71
\BOOKMARK [2][-]{subsection.656}{\376\377\000J\000S\000X\000G\000r\000a\000p\000h}{section.616}% 72
\BOOKMARK [2][-]{subsection.671}{\376\377\000J\000e\000s\000s\000i\000e\000C\000o\000d\000e}{section.616}% 73
\BOOKMARK [2][-]{subsection.680}{\376\377\000S\000a\000g\000e\000\040\000I\000n\000t\000e\000r\000a\000c\000t\000s}{section.616}% 74
\BOOKMARK [2][-]{subsection.685}{\376\377\000G\000e\000o\000g\000e\000b\000r\000a}{section.616}% 75
\BOOKMARK [2][-]{subsection.718}{\376\377\000C\000i\000r\000c\000u\000i\000t\000J\000S}{section.616}% 76
\BOOKMARK [2][-]{subsection.727}{\376\377\000I\000F\000r\000a\000m\000e\000s\000\040\000f\000r\000o\000m\000\040\000F\000i\000l\000e\000s}{section.616}% 77
\BOOKMARK [2][-]{subsection.732}{\376\377\000t\000h\000r\000e\000e\000j\000s}{section.616}% 78
\BOOKMARK [2][-]{subsection.747}{\376\377\000D\000o\000e\000n\000e\000t\000M\000L}{section.616}% 79
\BOOKMARK [1][-]{section.752}{\376\377\000I\000n\000t\000e\000r\000a\000c\000t\000i\000v\000e\000\040\000E\000l\000e\000m\000e\000n\000t\000s\000,\000\040\000S\000e\000r\000v\000e\000r}{}% 80
\BOOKMARK [2][-]{subsection.753}{\376\377\000G\000e\000o\000G\000e\000b\000r\000a}{section.752}% 81
\BOOKMARK [2][-]{subsection.758}{\376\377\000D\000e\000s\000m\000o\000s\000\040\000G\000r\000a\000p\000h\000s}{section.752}% 82
\BOOKMARK [2][-]{subsection.763}{\376\377\000C\000a\000l\000c\000P\000l\000o\000t\0003\000D}{section.752}% 83
\BOOKMARK [2][-]{subsection.776}{\376\377\000I\000F\000r\000a\000m\000e\000s\000\040\000f\000r\000o\000m\000\040\000S\000e\000r\000v\000e\000r\000s}{section.752}% 84
\BOOKMARK [1][-]{section.785}{\376\377\000I\000n\000t\000e\000r\000a\000c\000t\000i\000v\000e\000\040\000E\000x\000e\000r\000c\000i\000s\000e\000s}{}% 85
\BOOKMARK [2][-]{subsection.786}{\376\377\000F\000a\000u\000x\000\040\000S\000u\000b\000s\000e\000c\000t\000i\000o\000n}{section.785}% 86
\BOOKMARK [1][-]{section.787}{\376\377\000D\000y\000n\000a\000m\000i\000c\000\040\000E\000x\000e\000r\000c\000i\000s\000e\000s}{}% 87
\BOOKMARK [1][-]{section.788}{\376\377\000I\000n\000t\000e\000r\000a\000c\000t\000i\000v\000e\000\040\000C\000o\000d\000i\000n\000g}{}% 88
\BOOKMARK [2][-]{subsection.789}{\376\377\000Y\000o\000u\000T\000u\000b\000e}{section.788}% 89
\BOOKMARK [1][-]{section.792}{\376\377\000A\000u\000d\000i\000o}{}% 90
\BOOKMARK [1][-]{section.799}{\376\377\000V\000i\000d\000e\000o}{}% 91
\BOOKMARK [2][-]{subsection.800}{\376\377\000V\000i\000d\000e\000o\000\040\000F\000i\000l\000e\000s}{section.799}% 92
\BOOKMARK [2][-]{subsection.837}{\376\377\000Y\000o\000u\000T\000u\000b\000e}{section.799}% 93
\BOOKMARK [2][-]{subsection.940}{\376\377\000V\000i\000m\000e\000o}{section.799}% 94
\BOOKMARK [2][-]{subsection.949}{\376\377\000C\000a\000p\000t\000i\000o\000n\000s\000\040\000a\000n\000d\000\040\000S\000u\000b\000t\000i\000t\000l\000e\000s}{section.799}% 95
\BOOKMARK [1][-]{section.956}{\376\377\000C\000r\000o\000s\000s\000-\000R\000e\000f\000e\000r\000e\000n\000c\000i\000n\000g}{}% 96
\BOOKMARK [1][-]{section.961}{\376\377\000I\000n\000t\000e\000r\000n\000a\000t\000i\000o\000n\000a\000l\000i\000z\000a\000t\000i\000o\000n}{}% 97
\BOOKMARK [1][-]{section.998}{\376\377\000P\000r\000e\000-\000F\000o\000r\000m\000a\000t\000t\000e\000d\000\040\000T\000e\000x\000t}{}% 98
\BOOKMARK [1][-]{section.999}{\376\377\000P\000r\000o\000g\000r\000a\000m\000\040\000L\000i\000s\000t\000i\000n\000g\000s\000\040\000\050\000w\000i\000t\000h\000\040\000c\000o\000d\000e\000\040\000i\000n\000\040\000t\000h\000e\000\040\000t\000i\000t\000l\000e\000\051}{}% 99
\BOOKMARK [1][-]{section.1249}{\376\377\000U\000n\000i\000t\000s\000\040\000o\000f\000\040\000M\000e\000a\000s\000u\000r\000e}{}% 100
\BOOKMARK [1][-]{section.1250}{\376\377\000S\000i\000d\000e\000-\000B\000y\000-\000S\000i\000d\000e\000\040\000P\000a\000n\000e\000l\000s}{}% 101
\BOOKMARK [2][-]{subsection.1253}{\376\377\000F\000i\000g\000u\000r\000e\000s\000\040\000w\000i\000t\000h\000\040\000N\000u\000m\000b\000e\000r\000s\000\040\000S\000i\000d\000e\000-\000B\000y\000-\000S\000i\000d\000e}{section.1250}% 102
\BOOKMARK [2][-]{subsection.1290}{\376\377\000I\000m\000a\000g\000e\000s}{section.1250}% 103
\BOOKMARK [2][-]{subsection.1302}{\376\377\000C\000o\000m\000m\000o\000n\000\040\000S\000i\000d\000e\000-\000B\000y\000-\000S\000i\000d\000e\000\040\000C\000o\000n\000s\000t\000r\000u\000c\000t\000i\000o\000n\000s}{section.1250}% 104
\BOOKMARK [2][-]{subsection.1305}{\376\377\000V\000e\000r\000t\000i\000c\000a\000l\000\040\000A\000l\000i\000g\000n\000m\000e\000n\000t}{section.1250}% 105
\BOOKMARK [2][-]{subsection.1320}{\376\377\000T\000e\000x\000t\000\040\000N\000e\000x\000t\000\040\000t\000o\000\040\000T\000e\000x\000t\000\040\000a\000n\000d\000\040\000I\000m\000a\000g\000e\000s}{section.1250}% 106
\BOOKMARK [2][-]{subsection.1331}{\376\377\000I\000m\000a\000g\000e\000\040\000F\000o\000r\000m\000a\000t\000s\000,\000\040\000S\000i\000d\000e\000-\000b\000y\000-\000S\000i\000d\000e\000s}{section.1250}% 107
\BOOKMARK [2][-]{subsection.1339}{\376\377\000T\000a\000b\000l\000e\000s\000\040\000S\000i\000d\000e\000-\000B\000y\000-\000S\000i\000d\000e}{section.1250}% 108
\BOOKMARK [2][-]{subsection.1365}{\376\377\000T\000a\000b\000l\000e\000s\000\040\000N\000e\000x\000t\000\040\000t\000o\000\040\000F\000i\000g\000u\000r\000e\000s}{section.1250}% 109
\BOOKMARK [2][-]{subsection.1380}{\376\377\000T\000a\000b\000l\000e\000s\000\040\000N\000e\000x\000t\000\040\000t\000o\000\040\000T\000e\000x\000t}{section.1250}% 110
\BOOKMARK [2][-]{subsection.1386}{\376\377\000T\000a\000b\000u\000l\000a\000r\000\040\000N\000e\000x\000t\000\040\000t\000o\000\040\000E\000a\000c\000h\000\040\000O\000t\000h\000e\000r}{section.1250}% 111
\BOOKMARK [2][-]{subsection.1391}{\376\377\000L\000i\000s\000t\000s\000\040\000i\000n\000\040\000S\000i\000d\000e\000-\000b\000y\000-\000S\000i\000d\000e\000s}{section.1250}% 112
\BOOKMARK [2][-]{subsection.1426}{\376\377\000S\000t\000a\000c\000k\000i\000n\000g\000:\000\040\000B\000a\000c\000k\000\040\000t\000o\000\040\000V\000e\000r\000t\000i\000c\000a\000l\000\040\000F\000l\000o\000w}{section.1250}% 113
\BOOKMARK [2][-]{subsection.1438}{\376\377\000O\000t\000h\000e\000r\000\040\000P\000a\000n\000e\000l\000s}{section.1250}% 114
\BOOKMARK [2][-]{subsection.1455}{\376\377\000P\000o\000e\000m\000s\000\040\000a\000s\000\040\000S\000i\000d\000e\000-\000B\000y\000-\000S\000i\000d\000e\000\040\000P\000a\000n\000e\000l\000s}{section.1250}% 115
\BOOKMARK [2][-]{subsection.1460}{\376\377\000S\000i\000d\000e\000-\000B\000y\000-\000S\000i\000d\000e\000\040\000G\000r\000o\000u\000p\000s}{section.1250}% 116
\BOOKMARK [2][-]{subsection.1597}{\376\377\000T\000e\000s\000t\000i\000n\000g\000\040\000a\000\040\000S\000i\000d\000e\000-\000B\000y\000-\000S\000i\000d\000e\000\040\000F\000i\000r\000s\000t}{section.1250}% 117
\BOOKMARK [2][-]{subsection.1612}{\376\377\000T\000e\000s\000t\000i\000n\000g\000\040\000S\000t\000y\000l\000i\000n\000g\000\040\000o\000f\000\040\000R\000e\000l\000a\000t\000e\000d\000\040\000E\000l\000e\000m\000e\000n\000t\000s}{section.1250}% 118
\BOOKMARK [1][-]{section.1615}{\376\377\000S\000i\000d\000e\000-\000b\000y\000-\000S\000i\000d\000e\000\040\000G\000a\000l\000l\000e\000r\000y}{}% 119
\BOOKMARK [1][-]{section.1689}{\376\377\000O\000p\000e\000n\000\040\000P\000r\000o\000b\000l\000e\000m\000s}{}% 120
\BOOKMARK [1][-]{section.1691}{\376\377\000P\000o\000e\000t\000r\000y}{}% 121
\BOOKMARK [1][-]{section.1692}{\376\377\000A\000t\000o\000m\000i\000c\000\040\000O\000b\000j\000e\000c\000t\000s}{}% 122
\BOOKMARK [2][-]{subsection.1693}{\376\377\000<\000i\000m\000a\000g\000e\000>}{section.1692}% 123
\BOOKMARK [2][-]{subsection.1742}{\376\377\000<\000v\000i\000d\000e\000o\000>}{section.1692}% 124
\BOOKMARK [2][-]{subsection.1798}{\376\377\000<\000p\000r\000o\000g\000r\000a\000m\000>\000,\000\040\000<\000c\000o\000n\000s\000o\000l\000e\000>}{section.1692}% 125
\BOOKMARK [2][-]{subsection.1979}{\376\377\000<\000t\000a\000b\000u\000l\000a\000r\000>}{section.1692}% 126
\BOOKMARK [1][-]{section.2020}{\376\377\000A\000d\000v\000a\000n\000c\000e\000d\000\040\000N\000u\000m\000b\000e\000r\000i\000n\000g}{}% 127
\BOOKMARK [2][-]{subsection.2021}{\376\377\000O\000n\000e}{section.2020}% 128
\BOOKMARK [2][-]{subsection.2024}{\376\377\000T\000w\000o}{section.2020}% 129
\BOOKMARK [3][-]{subsubsection.2025}{\376\377\000U\000n\000o}{subsection.2024}% 130
\BOOKMARK [3][-]{subsubsection.2028}{\376\377\000D\000o\000s}{subsection.2024}% 131
\BOOKMARK [2][-]{subsection.2031}{\376\377\000T\000h\000r\000e\000e}{section.2020}% 132
\BOOKMARK [2][-]{subsection.2034}{\376\377\000F\000o\000u\000r}{section.2020}% 133
\BOOKMARK [3][-]{subsubsection.2037}{\376\377\000U\000n\000o}{subsection.2034}% 134
\BOOKMARK [3][-]{subsubsection.2040}{\376\377\000D\000o\000s}{subsection.2034}% 135
\BOOKMARK [2][-]{subsection.2045}{\376\377\000F\000i\000v\000e}{section.2020}% 136
\BOOKMARK [2][-]{subsection.2048}{\376\377\000T\000h\000e\000o\000r\000e\000m\000s\000\040\000i\000n\000\040\000T\000h\000i\000s\000\040\000S\000e\000c\000t\000i\000o\000n}{section.2020}% 137
\BOOKMARK [2][-]{subsection.2049}{\376\377\000A\000\040\000T\000i\000t\000l\000e\000\040\000w\000i\000t\000h\000\040\000]\000\040\000a\000\040\000R\000i\000g\000h\000t\000\040\000B\000r\000a\000c\000k\000e\000t}{section.2020}% 138
\BOOKMARK [2][-]{subsection.2051}{\376\377\000A\000\040\000T\000i\000t\000l\000e\000\040\000w\000i\000t\000h\000\040\000\175\000\040\000a\000\040\000R\000i\000g\000h\000t\000\040\000B\000r\000a\000c\000e}{section.2020}% 139
\BOOKMARK [2][-]{subsection.2052}{\376\377\000A\000\040\000T\000i\000t\000l\000e\000\040\000w\000i\000t\000h\000\040\000a\000]\000b\000\040\000a\000\040\000M\000a\000t\000h\000\040\000R\000i\000g\000h\000t\000\040\000B\000r\000a\000c\000k\000e\000t}{section.2020}% 140
\BOOKMARK [2][-]{subsection.2053}{\376\377\000J\000u\000s\000t\000\040\000a\000n\000\040\000E\000x\000e\000r\000c\000i\000s\000e}{section.2020}% 141
\BOOKMARK [1][-]{section.2055}{\376\377\000C\000u\000s\000t\000o\000m\000i\000z\000a\000t\000i\000o\000n\000s}{}% 142
\BOOKMARK [2][-]{subsection.2056}{\376\377\000R\000e\000n\000a\000m\000i\000n\000g\000\040\000D\000o\000c\000u\000m\000e\000n\000t\000\040\000P\000a\000r\000t\000s\000,\000\040\000P\000l\000u\000s\000\040\000T\000h\000i\000s\000\040\000I\000s\000\040\000A\000\040\000R\000e\000a\000l\000l\000y\000\040\000L\000o\000n\000g\000\040\000T\000i\000t\000l\000e\000\040\000S\000o\000\040\000T\000h\000a\000t\000\040\000W\000e\000\040\000C\000a\000n\000\040\000T\000e\000s\000t\000\040\000H\000o\000w\000\040\000W\000e\000l\000l\000\040\000I\000t\000\040\000R\000e\000a\000c\000t\000s\000\040\000T\000o\000\040\000T\000h\000e\000\040\000R\000i\000g\000h\000t\000\040\000M\000a\000r\000g\000i\000n\000\040\000A\000n\000d\000\040\000W\000r\000a\000p\000s\000\040\000A\000r\000o\000u\000n\000d\000\040\000T\000o\000\040\000F\000o\000r\000m\000\040\000A\000\040\000C\000o\000u\000p\000l\000e\000\040\000O\000f\000\040\000L\000i\000n\000e\000s\000,\000\040\000P\000l\000u\000s\000\040\000H\000o\000w\000\040\000I\000t\000\040\000S\000i\000t\000s\000\040\000R\000e\000l\000a\000t\000i\000v\000e\000\040\000T\000o\000\040\000T\000h\000e\000\040\000N\000u\000m\000b\000e\000r\000\040\000O\000f\000\040\000T\000h\000e\000\040\000S\000u\000b\000s\000e\000c\000t\000i\000o\000n}{section.2055}% 143
\BOOKMARK [2][-]{subsection.2059}{\376\377\000C\000u\000s\000t\000o\000m\000i\000z\000i\000n\000g\000\040\000P\000h\000r\000a\000s\000e\000s}{section.2055}% 144
\BOOKMARK [1][-]{section.2060}{\376\377\000M\000y\000O\000p\000e\000n\000M\000a\000t\000h\000\040\000I\000n\000t\000e\000r\000a\000c\000t\000i\000v\000e\000\040\000P\000r\000o\000b\000l\000e\000m\000s}{}% 145
\BOOKMARK [1][-]{section.2066}{\376\377\000A\000n\000c\000i\000l\000l\000a\000r\000i\000e\000s}{}% 146
\BOOKMARK [1][-]{section.2067}{\376\377\000W\000o\000r\000k\000s\000h\000e\000e\000t\000s}{}% 147
\BOOKMARK [2][-]{subsection.2068}{\376\377\000A\000\040\000S\000u\000b\000s\000e\000c\000t\000i\000o\000n\000\040\000i\000n\000\040\000a\000n\000\040\000A\000p\000p\000e\000n\000d\000i\000x}{section.2067}% 148
\BOOKMARK [3][-]{subsubsection.2069}{\376\377\000A\000\040\000S\000u\000b\000s\000u\000b\000s\000e\000c\000t\000i\000o\000n\000\040\000i\000n\000\040\000a\000\040\000S\000u\000b\000s\000e\000c\000t\000i\000o\000n\000\040\000i\000n\000\040\000a\000n\000\040\000A\000p\000p\000e\000n\000d\000i\000x}{subsection.2068}% 149
\BOOKMARK [2][-]{subsection.2073}{\376\377\000M\000u\000l\000t\000i\000p\000l\000e\000\040\000S\000p\000e\000c\000i\000a\000l\000i\000z\000e\000d\000\040\000R\000e\000f\000e\000r\000e\000n\000c\000e\000s}{section.2067}% 150
